Component: ARM Compiler 5.06 update 1 (build 61) Tool: armlink [4d35a8]

==============================================================================

Section Cross References

    main.o(i.Check_Button_Status) refers to boards.o(i.bsp_board_pin_to_button_idx) for bsp_board_pin_to_button_idx
    main.o(i.Check_Button_Status) refers to boards.o(i.bsp_board_button_state_get) for bsp_board_button_state_get
    main.o(i.Check_Button_Status) refers to utilities.o(i.DelayMs) for DelayMs
    main.o(i.add_scan_rsp_list) refers to strcpy.o(.text) for strcpy
    main.o(i.add_scan_rsp_list) refers to memcmp.o(.text) for memcmp
    main.o(i.add_scan_rsp_list) refers to main.o(.data) for .data
    main.o(i.add_scan_rsp_list) refers to main.o(.bss) for .bss
    main.o(i.assert_nrf_callback) refers to app_error.o(i.app_error_handler) for app_error_handler
    main.o(i.ble_evt_handler) refers to printf8.o(i.__0printf$8) for __2printf
    main.o(i.ble_evt_handler) refers to bsp.o(i.bsp_indication_set) for bsp_indication_set
    main.o(i.ble_evt_handler) refers to app_error.o(i.app_error_handler_bare) for app_error_handler_bare
    main.o(i.ble_evt_handler) refers to main.o(i.add_scan_rsp_list) for add_scan_rsp_list
    main.o(i.ble_evt_handler) refers to nrf_log_frontend.o(i.nrf_log_frontend_std_0) for nrf_log_frontend_std_0
    main.o(i.ble_evt_handler) refers to memcpya.o(.text) for __aeabi_memcpy
    main.o(i.ble_evt_handler) refers to main.o(.data) for .data
    main.o(i.ble_evt_handler) refers to nrf_log_frontend.o(log_dynamic_data) for m_nrf_log_app_logs_data_dynamic
    main.o(i.ble_evt_handler) refers to main.o(.constdata) for .constdata
    main.o(i.bsp_event_handler) refers to bsp.o(i.bsp_indication_set) for bsp_indication_set
    main.o(i.bsp_event_handler) refers to app_error.o(i.app_error_handler_bare) for app_error_handler_bare
    main.o(i.bsp_event_handler) refers to bsp_btn_ble.o(i.bsp_btn_ble_sleep_mode_prepare) for bsp_btn_ble_sleep_mode_prepare
    main.o(i.bsp_event_handler) refers to ble_advertising.o(i.ble_advertising_restart_without_whitelist) for ble_advertising_restart_without_whitelist
    main.o(i.bsp_event_handler) refers to main.o(.data) for .data
    main.o(i.bsp_event_handler) refers to main.o(.bss) for .bss
    main.o(i.conn_params_error_handler) refers to app_error.o(i.app_error_handler_bare) for app_error_handler_bare
    main.o(i.gatt_evt_handler) refers to nrf_log_frontend.o(i.nrf_log_frontend_std_2) for nrf_log_frontend_std_2
    main.o(i.gatt_evt_handler) refers to main.o(.data) for .data
    main.o(i.gatt_evt_handler) refers to nrf_log_frontend.o(log_dynamic_data) for m_nrf_log_app_logs_data_dynamic
    main.o(i.gatt_init) refers to nrf_ble_gatt.o(i.nrf_ble_gatt_init) for nrf_ble_gatt_init
    main.o(i.gatt_init) refers to app_error.o(i.app_error_handler_bare) for app_error_handler_bare
    main.o(i.gatt_init) refers to nrf_ble_gatt.o(i.nrf_ble_gatt_att_mtu_periph_set) for nrf_ble_gatt_att_mtu_periph_set
    main.o(i.gatt_init) refers to main.o(i.gatt_evt_handler) for gatt_evt_handler
    main.o(i.gatt_init) refers to main.o(.bss) for .bss
    main.o(i.main) refers to main.o(i.nRF_hardware_init) for nRF_hardware_init
    main.o(i.main) refers to main.o(i.nRF_BLE_init) for nRF_BLE_init
    main.o(i.main) refers to main.o(i.nRF_lora_init) for nRF_lora_init
    main.o(i.main) refers to ble_advertising.o(i.ble_advertising_start) for ble_advertising_start
    main.o(i.main) refers to app_error.o(i.app_error_handler_bare) for app_error_handler_bare
    main.o(i.main) refers to printf8.o(i.__0printf$8) for __2printf
    main.o(i.main) refers to app_lora.o(i.lora_process) for lora_process
    main.o(i.main) refers to nrf_log_frontend.o(i.nrf_log_frontend_dequeue) for nrf_log_frontend_dequeue
    main.o(i.main) refers to main.o(i.power_manage) for power_manage
    main.o(i.main) refers to app_lora.o(i.u_fs_write_lora_cfg) for u_fs_write_lora_cfg
    main.o(i.main) refers to main.o(i.Check_Button_Status) for Check_Button_Status
    main.o(i.main) refers to app_lora.o(i.prepare_frame) for prepare_frame
    main.o(i.main) refers to main.o(.bss) for .bss
    main.o(i.main) refers to main.o(.data) for .data
    main.o(i.nRF_BLE_init) refers to nrf_sdh.o(i.nrf_sdh_enable_request) for nrf_sdh_enable_request
    main.o(i.nRF_BLE_init) refers to app_error.o(i.app_error_handler_bare) for app_error_handler_bare
    main.o(i.nRF_BLE_init) refers to nrf_sdh_ble.o(i.nrf_sdh_ble_default_cfg_set) for nrf_sdh_ble_default_cfg_set
    main.o(i.nRF_BLE_init) refers to nrf_sdh_ble.o(i.nrf_sdh_ble_enable) for nrf_sdh_ble_enable
    main.o(i.nRF_BLE_init) refers to main.o(i.gatt_init) for gatt_init
    main.o(i.nRF_BLE_init) refers to ble_nus.o(i.ble_nus_init) for ble_nus_init
    main.o(i.nRF_BLE_init) refers to memseta.o(.text) for __aeabi_memclr4
    main.o(i.nRF_BLE_init) refers to ble_advertising.o(i.ble_advertising_init) for ble_advertising_init
[...]
    0x00026b04   0x00000030   Code   RO         3183    i.RegionCommonComputeTxPower  regioncommon.o
    0x00026b34   0x00000044   Code   RO         3184    i.RegionCommonCountChannels  regioncommon.o
    0x00026b78   0x00000024   Code   RO         3185    i.RegionCommonGetJoinDc  regioncommon.o
    0x00026b9c   0x00000092   Code   RO         3186    i.RegionCommonLinkAdrReqVerifyParams  regioncommon.o
    0x00026c2e   0x00000036   Code   RO         3187    i.RegionCommonParseLinkAdrReq  regioncommon.o
    0x00026c64   0x0000000a   Code   RO         3188    i.RegionCommonSetBandTxDone  regioncommon.o
    0x00026c6e   0x000000ba   Code   RO         3189    i.RegionCommonUpdateBandTimeOff  regioncommon.o
    0x00026d28   0x00000010   Code   RO         3190    i.RegionCommonValueInRange  regioncommon.o
    0x00026d38   0x0000001e   Code   RO         2669    i.RegionComputeRxWindowParameters  region.o
    0x00026d56   0x0000000e   Code   RO         2670    i.RegionDlChannelReq  region.o
    0x00026d64   0x0000007c   Code   RO         3288    i.RegionEU868AdrNext  regioneu868.o
    0x00026de0   0x00000040   Code   RO         3289    i.RegionEU868AlternateDr  regioneu868.o
    0x00026e20   0x00000076   Code   RO         3290    i.RegionEU868ApplyCFList  regioneu868.o
    0x00026e96   0x0000000e   Code   RO         3291    i.RegionEU868ApplyDrOffset  regioneu868.o
    0x00026ea4   0x00000040   Code   RO         3292    i.RegionEU868CalcBackOff  regioneu868.o
    0x00026ee4   0x0000002c   Code   RO         3293    i.RegionEU868ChanMaskSet  regioneu868.o
    0x00026f10   0x000000d4   Code   RO         3294    i.RegionEU868ChannelAdd  regioneu868.o
    0x00026fe4   0x0000002c   Code   RO         3295    i.RegionEU868ChannelsRemove  regioneu868.o
    0x00027010   0x00000050   Code   RO         3296    i.RegionEU868ComputeRxWindowParameters  regioneu868.o
    0x00027060   0x00000040   Code   RO         3297    i.RegionEU868DlChannelReq  regioneu868.o
    0x000270a0   0x000000cc   Code   RO         3298    i.RegionEU868GetPhyParam  regioneu868.o
    0x0002716c   0x00000048   Code   RO         3299    i.RegionEU868InitDefaults  regioneu868.o
    0x000271b4   0x00000150   Code   RO         3300    i.RegionEU868LinkAdrReq  regioneu868.o
    0x00027304   0x00000042   Code   RO         3301    i.RegionEU868NewChannelReq  regioneu868.o
    0x00027346   0x00000002   PAD
    0x00027348   0x000000c8   Code   RO         3302    i.RegionEU868NextChannel  regioneu868.o
    0x00027410   0x000000e8   Code   RO         3303    i.RegionEU868RxConfig  regioneu868.o
    0x000274f8   0x00000040   Code   RO         3304    i.RegionEU868RxParamSetupReq  regioneu868.o
    0x00027538   0x00000024   Code   RO         3305    i.RegionEU868SetBandTxDone  regioneu868.o
    0x0002755c   0x00000054   Code   RO         3306    i.RegionEU868SetContinuousWave  regioneu868.o
    0x000275b0   0x000000ec   Code   RO         3307    i.RegionEU868TxConfig  regioneu868.o
    0x0002769c   0x00000006   Code   RO         3308    i.RegionEU868TxParamSetupReq  regioneu868.o
    0x000276a2   0x0000004a   Code   RO         3309    i.RegionEU868Verify  regioneu868.o
    0x000276ec   0x00000010   Code   RO         2671    i.RegionGetPhyParam  region.o
    0x000276fc   0x0000000c   Code   RO         2672    i.RegionInitDefaults  region.o
    0x00027708   0x0000000c   Code   RO         2673    i.RegionIsActive    region.o
    0x00027714   0x00000022   Code   RO         2674    i.RegionLinkAdrReq  region.o
    0x00027736   0x0000000e   Code   RO         2675    i.RegionNewChannelReq  region.o
    0x00027744   0x00000020   Code   RO         2676    i.RegionNextChannel  region.o
    0x00027764   0x00000012   Code   RO         2677    i.RegionRxConfig    region.o
    0x00027776   0x0000000e   Code   RO         2678    i.RegionRxParamSetupReq  region.o
    0x00027784   0x0000000c   Code   RO         2679    i.RegionSetBandTxDone  region.o
    0x00027790   0x0000000c   Code   RO         2680    i.RegionSetContinuousWave  region.o
    0x0002779c   0x0000001c   Code   RO         2681    i.RegionTxConfig    region.o
    0x000277b8   0x0000000e   Code   RO         2682    i.RegionTxParamSetupReq  region.o
    0x000277c6   0x00000012   Code   RO         2683    i.RegionVerify      region.o
    0x000277d8   0x00000084   Code   RO         2393    i.ResetMacParameters  loramac.o
    0x0002785c   0x0000004c   Code   RO         1045    i.RtcInit           rtc-board.o
    0x000278a8   0x0000009c   Code   RO         4673    i.RxChainCalibration  sx1276.o
    0x00027944   0x00000018   Code   RO         2394    i.RxWindowSetup     loramac.o
    0x0002795c   0x00000004   Code   RO        10273    i.SEGGER_RTT_Init   segger_rtt.o
    0x00027960   0x0000005c   Code   RO        10287    i.SEGGER_RTT_WriteNoLock  segger_rtt.o
    0x000279bc   0x0000004c   Code   RO         7783    i.SPIM0_SPIS0_TWIM0_TWIS0_SPI0_TWI0_IRQHandler  nrf_drv_spi.o
    0x00027a08   0x00000010   Code   RO         7897    i.SPIM1_SPIS1_TWIM1_TWIS1_SPI1_TWI1_IRQHandler  nrf_drv_twi.o
    0x00027a18   0x00000004   Code   RO         9699    i.SWI0_EGU0_IRQHandler  app_timer.o
    0x00027a1c   0x00000004   Code   RO        10559    i.SWI2_EGU2_IRQHandler  nrf_sdh.o
    0x00027a20   0x00000018   Code   RO         1156    i.SX1276AntSwDeInit  sx1276-board.o
    0x00027a38   0x00000030   Code   RO         1157    i.SX1276AntSwInit   sx1276-board.o
    0x00027a68   0x00000004   Code   RO         1158    i.SX1276CheckRfFrequency  sx1276-board.o
    0x00027a6c   0x0000000c   Code   RO         4674    i.SX1276GetStatus   sx1276.o
    0x00027a78   0x00000274   Code   RO         4675    i.SX1276GetTimeOnAir  sx1276.o
    0x00027cec   0x0000007c   Code   RO         4676    i.SX1276Init        sx1276.o
    0x00027d68   0x00000088   Code   RO         1161    i.SX1276IoInit      sx1276-board.o
    0x00027df0   0x00000044   Code   RO         1162    i.SX1276IoIrqInit   sx1276-board.o
    0x00027e34   0x0000004e   Code   RO         4677    i.SX1276IsChannelFree  sx1276.o
    0x00027e82   0x00000002   PAD
    0x00027e84   0x00000260   Code   RO         4678    i.SX1276OnDio0Irq   sx1276.o
    0x000280e4   0x000000dc   Code   RO         4679    i.SX1276OnDio1Irq   sx1276.o
    0x000281c0   0x000000d0   Code   RO         4680    i.SX1276OnDio2Irq   sx1276.o
    0x00028290   0x0000005c   Code   RO         4681    i.SX1276OnDio3Irq   sx1276.o
    0x000282ec   0x00000020   Code   RO         4682    i.SX1276OnDio4Irq   sx1276.o
    0x0002830c   0x000000e4   Code   RO         4684    i.SX1276OnTimeoutIrq  sx1276.o
    0x000283f0   0x0000003e   Code   RO         4685    i.SX1276Random      sx1276.o
    0x0002842e   0x00000002   PAD
    0x00028430   0x00000018   Code   RO         4686    i.SX1276Read        sx1276.o
    0x00028448   0x00000010   Code   RO         4687    i.SX1276ReadBuffer  sx1276.o
    0x00028458   0x00000010   Code   RO         4688    i.SX1276ReadFifo    sx1276.o
    0x00028468   0x00000040   Code   RO         4689    i.SX1276ReadRssi    sx1276.o
    0x000284a8   0x0000003c   Code   RO         4690    i.SX1276Reset       sx1276.o
    0x000284e4   0x000000f8   Code   RO         4691    i.SX1276Send        sx1276.o
    0x000285dc   0x00000014   Code   RO         1163    i.SX1276SetAntSw    sx1276-board.o
    0x000285f0   0x0000001c   Code   RO         1164    i.SX1276SetAntSwLowPower  sx1276-board.o
    0x0002860c   0x00000048   Code   RO         4692    i.SX1276SetChannel  sx1276.o
    0x00028654   0x00000034   Code   RO         4693    i.SX1276SetMaxPayloadLength  sx1276.o
    0x00028688   0x00000078   Code   RO         4694    i.SX1276SetModem    sx1276.o
    0x00028700   0x00000030   Code   RO         4695    i.SX1276SetOpMode   sx1276.o
    0x00028730   0x00000028   Code   RO         4696    i.SX1276SetPublicNetwork  sx1276.o
    0x00028758   0x0000008e   Code   RO         1165    i.SX1276SetRfTxPower  sx1276-board.o
    0x000287e6   0x00000002   PAD
    0x000287e8   0x000001fc   Code   RO         4697    i.SX1276SetRx       sx1276.o
    0x000289e4   0x000002d4   Code   RO         4698    i.SX1276SetRxConfig  sx1276.o
    0x00028cb8   0x00000028   Code   RO         4699    i.SX1276SetSleep    sx1276.o
    0x00028ce0   0x00000028   Code   RO         4700    i.SX1276SetStby     sx1276.o
    0x00028d08   0x000000a0   Code   RO         4701    i.SX1276SetTx       sx1276.o
    0x00028da8   0x0000021c   Code   RO         4702    i.SX1276SetTxConfig  sx1276.o
    0x00028fc4   0x00000080   Code   RO         4703    i.SX1276SetTxContinuousWave  sx1276.o
    0x00029044   0x00000040   Code   RO         4704    i.SX1276StartCad    sx1276.o
    0x00029084   0x00000014   Code   RO         4705    i.SX1276Write       sx1276.o
    0x00029098   0x00000010   Code   RO         4706    i.SX1276WriteBuffer  sx1276.o
    0x000290a8   0x00000010   Code   RO         4707    i.SX1276WriteFifo   sx1276.o
    0x000290b8   0x00000100   Code   RO         2395    i.ScheduleTx        loramac.o
    0x000291b8   0x00000040   Code   RO         2396    i.Send              loramac.o
    0x000291f8   0x00000070   Code   RO         1440    i.SendFrame         app_lora.o
    0x00029268   0x000000a8   Code   RO         2397    i.SendFrameOnChannel  loramac.o
    0x00029310   0x00000060   Code   RO         2398    i.SetTxContinuousWave  loramac.o
    0x00029370   0x0000003c   Code   RO         2399    i.SetTxContinuousWave1  loramac.o
    0x000293ac   0x0000004e   Code   RO         1115    i.SpiIn             spi-board.o
    0x000293fa   0x00000002   PAD
    0x000293fc   0x00000050   Code   RO         1116    i.SpiInit           spi-board.o
    0x0002944c   0x0000005e   Code   RO         1117    i.SpiOut            spi-board.o
    0x000294aa   0x00000002   PAD
    0x000294ac   0x00000050   Code   RO         1409    i.StrToHex          utils.o
    0x000294fc   0x000002fc   Code   RO          827    i.SystemInit        system_nrf52.o
    0x000297f8   0x00000004   Code   RO         1248    i.TimerGetCurrentTime  timer.o
    0x000297fc   0x00000014   Code   RO         1249    i.TimerGetElapsedTime  timer.o
    0x00029810   0x00000020   Code   RO         1250    i.TimerInit         timer.o
    0x00029830   0x00000002   Code   RO         1251    i.TimerLowPowerHandler  timer.o
    0x00029832   0x0000000a   Code   RO         1252    i.TimerSetValue     timer.o
    0x0002983c   0x00000042   Code   RO         1253    i.TimerStart        timer.o
    0x0002987e   0x0000001a   Code   RO         1254    i.TimerStop         timer.o
    0x00029898   0x0000001c   Code   RO         8072    i.UARTE0_UART0_IRQHandler  nrf_drv_uart.o
    0x000298b4   0x0000004c   Code   RO         2400    i.ValidatePayloadLength  loramac.o
    0x00029900   0x00000098   Code   RO         3310    i.VerifyTxFreq      regioneu868.o
    0x00029998   0x00000068   Code   RO        10291    i._DoInit           segger_rtt.o
    0x00029a00   0x00000016   Code   RO        10292    i._GetAvailWriteSpace  segger_rtt.o
    0x00029a16   0x0000005a   Code   RO        10294    i._WriteBlocking    segger_rtt.o
    0x00029a70   0x00000042   Code   RO        10295    i._WriteNoCheck     segger_rtt.o
    0x00029ab2   0x00000002   PAD
    0x00029ab4   0x00000020   Code   RO        11007    i.__0printf$8       mc_w.l(printf8.o)
    0x00029ad4   0x00000028   Code   RO        11009    i.__0sprintf$8      mc_w.l(printf8.o)
    0x00029afc   0x00000008   Code   RO        11109    i.__aeabi_errno_addr  mc_w.l(errno.o)
    0x00029b04   0x00000004   PAD
    0x00029b08   0x00000118   Code   RO        10731    i.__hardfp_ceil     m_wm.l(ceil.o)
    0x00029c20   0x00000118   Code   RO        10737    i.__hardfp_floor    m_wm.l(floor.o)
    0x00029d38   0x000000e0   Code   RO        10743    i.__hardfp_round    m_wm.l(round.o)
    0x00029e18   0x0000000e   Code   RO        11133    i.__scatterload_copy  mc_w.l(handlers.o)
    0x00029e26   0x00000002   Code   RO        11134    i.__scatterload_null  mc_w.l(handlers.o)
    0x00029e28   0x0000000e   Code   RO        11135    i.__scatterload_zeroinit  mc_w.l(handlers.o)
    0x00029e36   0x00000002   PAD
    0x00029e38   0x00000024   Code   RO        10560    i.__sd_nvic_app_accessible_irq  nrf_sdh.o
    0x00029e5c   0x00000016   Code   RO        10561    i.__sd_nvic_is_app_accessible_priority  nrf_sdh.o
    0x00029e72   0x00000002   PAD
    0x00029e74   0x00000410   Code   RO        11014    i._printf_core      mc_w.l(printf8.o)
    0x0002a284   0x00000024   Code   RO        11015    i._printf_post_padding  mc_w.l(printf8.o)
    0x0002a2a8   0x0000002e   Code   RO        11016    i._printf_pre_padding  mc_w.l(printf8.o)
    0x0002a2d6   0x0000000a   Code   RO        11018    i._sputc            mc_w.l(printf8.o)
    0x0002a2e0   0x000000b0   Code   RO            5    i.add_scan_rsp_list  main.o
    0x0002a390   0x00000026   Code   RO         5802    i.addr_compare      id_manager.o
    0x0002a3b6   0x0000000c   Code   RO         8429    i.addr_is_aligned32  nrf_fstorage.o
    0x0002a3c2   0x00000018   Code   RO         8430    i.addr_within_bounds  nrf_fstorage.o
    0x0002a3da   0x00000036   Code   RO          734    i.advertising_buttons_configure  bsp_btn_ble.o
    0x0002a410   0x0000004e   Code   RO         4904    i.aes_encrypt       aes.o
    0x0002a45e   0x00000002   PAD
    0x0002a460   0x000000f0   Code   RO         4905    i.aes_set_key       aes.o
    0x0002a550   0x00000052   Code   RO         5803    i.ah                id_manager.o
    0x0002a5a2   0x00000006   Code   RO          618    i.alert_timer_handler  bsp.o
    0x0002a5a8   0x0000000c   Code   RO         6766    i.allow_repairing   security_dispatcher.o
    0x0002a5b4   0x00000024   Code   RO         8304    i.app_button_enable  app_button.o
    0x0002a5d8   0x00000070   Code   RO         8305    i.app_button_init   app_button.o
    0x0002a648   0x00000078   Code   RO         9380    i.app_error_fault_handler  app_error_weak.o
    0x0002a6c0   0x00000016   Code   RO         9341    i.app_error_handler_bare  app_error.o
    0x0002a6d6   0x00000016   Code   RO         8360    i.app_fifo_get      app_fifo.o
    0x0002a6ec   0x00000020   Code   RO         8361    i.app_fifo_init     app_fifo.o
    0x0002a70c   0x0000001a   Code   RO         8363    i.app_fifo_put      app_fifo.o
    0x0002a726   0x00000002   PAD
    0x0002a728   0x00000024   Code   RO         9702    i.app_timer_create  app_timer.o
    0x0002a74c   0x00000054   Code   RO         9703    i.app_timer_init    app_timer.o
    0x0002a7a0   0x00000088   Code   RO         9706    i.app_timer_start   app_timer.o
    0x0002a828   0x00000020   Code   RO         9707    i.app_timer_stop    app_timer.o
    0x0002a848   0x00000034   Code   RO         8942    i.app_uart_get      app_uart_fifo.o
    0x0002a87c   0x000000b4   Code   RO         8943    i.app_uart_init     app_uart_fifo.o
    0x0002a930   0x0000003c   Code   RO         8944    i.app_uart_put      app_uart_fifo.o
    0x0002a96c   0x00000048   Code   RO         9410    i.app_util_critical_region_enter  app_util_platform.o
    0x0002a9b4   0x00000034   Code   RO         9411    i.app_util_critical_region_exit  app_util_platform.o
    0x0002a9e8   0x000000b8   Code   RO         8073    i.apply_config      nrf_drv_uart.o
    0x0002aaa0   0x000000dc   Code   RO         6767    i.auth_status_success_process  security_dispatcher.o
    0x0002ab7c   0x00000182   Code   RO         5157    i.ble_advdata_encode  ble_advdata.o
    0x0002acfe   0x00000068   Code   RO         5158    i.ble_advdata_set   ble_advdata.o
    0x0002ad66   0x00000006   Code   RO         5085    i.ble_advertising_conn_cfg_tag_set  ble_advertising.o
    0x0002ad6c   0x00000136   Code   RO         5086    i.ble_advertising_init  ble_advertising.o
    0x0002aea2   0x00000068   Code   RO         5088    i.ble_advertising_on_ble_evt  ble_advertising.o
    0x0002af0a   0x00000032   Code   RO         5089    i.ble_advertising_on_sys_evt  ble_advertising.o
    0x0002af3c   0x0000003c   Code   RO         5091    i.ble_advertising_restart_without_whitelist  ble_advertising.o
    0x0002af78   0x000001ca   Code   RO         5092    i.ble_advertising_start  ble_advertising.o
    0x0002b142   0x00000002   PAD
    0x0002b144   0x00000068   Code   RO         5235    i.ble_conn_params_init  ble_conn_params.o
    0x0002b1ac   0x00000010   Code   RO         5312    i.ble_conn_state_conn_handles  ble_conn_state.o
    0x0002b1bc   0x00000010   Code   RO         5314    i.ble_conn_state_encrypted  ble_conn_state.o
    0x0002b1cc   0x00000030   Code   RO         5321    i.ble_conn_state_role  ble_conn_state.o
    0x0002b1fc   0x0000001c   Code   RO         5324    i.ble_conn_state_user_flag_collection  ble_conn_state.o
    0x0002b218   0x0000002c   Code   RO         5325    i.ble_conn_state_user_flag_get  ble_conn_state.o
    0x0002b244   0x00000030   Code   RO         5326    i.ble_conn_state_user_flag_set  ble_conn_state.o
    0x0002b274   0x00000090   Code   RO         7107    i.ble_db_discovery_on_ble_evt  ble_db_discovery.o
    0x0002b304   0x00000060   Code   RO         5159    i.ble_device_addr_encode  ble_advdata.o
    0x0002b364   0x000001f0   Code   RO            7    i.ble_evt_handler   main.o
    0x0002b554   0x00000070   Code   RO          735    i.ble_evt_handler   bsp_btn_ble.o
    0x0002b5c4   0x000000fc   Code   RO         5237    i.ble_evt_handler   ble_conn_params.o
    0x0002b6c0   0x0000010c   Code   RO         5328    i.ble_evt_handler   ble_conn_state.o
    0x0002b7cc   0x00000028   Code   RO         6390    i.ble_evt_handler   peer_manager.o
    0x0002b7f4   0x00000064   Code   RO         7054    i.ble_nus_init      ble_nus.o
    0x0002b858   0x0000008c   Code   RO         7055    i.ble_nus_on_ble_evt  ble_nus.o
    0x0002b8e4   0x00000048   Code   RO         7056    i.ble_nus_string_send  ble_nus.o
    0x0002b92c   0x00000008   Code   RO         5464    i.ble_srv_is_notification_enabled  ble_srv_common.o
    0x0002b934   0x0000000c   Code   RO          492    i.bsp_board_button_idx_to_pin  boards.o
    0x0002b940   0x00000020   Code   RO          493    i.bsp_board_button_state_get  boards.o
    0x0002b960   0x00000024   Code   RO          494    i.bsp_board_buttons_init  boards.o
    0x0002b984   0x00000024   Code   RO          496    i.bsp_board_led_invert  boards.o
    0x0002b9a8   0x00000010   Code   RO          497    i.bsp_board_led_off  boards.o
    0x0002b9b8   0x00000010   Code   RO          498    i.bsp_board_led_on  boards.o
    0x0002b9c8   0x00000020   Code   RO          499    i.bsp_board_led_state_get  boards.o
    0x0002b9e8   0x00000024   Code   RO          500    i.bsp_board_leds_init  boards.o
    0x0002ba0c   0x00000006   Code   RO          501    i.bsp_board_leds_off  boards.o
    0x0002ba12   0x00000006   Code   RO          502    i.bsp_board_leds_on  boards.o
    0x0002ba18   0x00000024   Code   RO          503    i.bsp_board_pin_to_button_idx  boards.o
    0x0002ba3c   0x0000001e   Code   RO          737    i.bsp_btn_ble_sleep_mode_prepare  bsp_btn_ble.o
    0x0002ba5a   0x00000002   PAD
    0x0002ba5c   0x00000090   Code   RO          619    i.bsp_button_event_handler  bsp.o
    0x0002baec   0x0000005c   Code   RO            8    i.bsp_event_handler  main.o
    0x0002bb48   0x00000044   Code   RO          623    i.bsp_event_to_button_action_assign  bsp.o
    0x0002bb8c   0x00000018   Code   RO          624    i.bsp_indication_set  bsp.o
    0x0002bba4   0x00000094   Code   RO          625    i.bsp_init          bsp.o
    0x0002bc38   0x000001b8   Code   RO          626    i.bsp_led_indication  bsp.o
    0x0002bdf0   0x00000010   Code   RO          628    i.bsp_wakeup_button_enable  bsp.o
    0x0002be00   0x00000064   Code   RO         9941    i.buf_prealloc      nrf_log_frontend.o
    0x0002be64   0x0000001e   Code   RO         9300    i.buffer_add        nrf_fprintf_format.o
    0x0002be82   0x00000002   PAD
    0x0002be84   0x00000014   Code   RO         9942    i.buffer_is_empty   nrf_log_frontend.o
    0x0002be98   0x00000008   Code   RO          629    i.button_timer_handler  bsp.o
    0x0002bea0   0x0000001c   Code   RO         7425    i.channel_free      nrf_drv_gpiote.o
    0x0002bebc   0x00000048   Code   RO         7426    i.channel_port_alloc  nrf_drv_gpiote.o
    0x0002bf04   0x00000010   Code   RO         7427    i.channel_port_get  nrf_drv_gpiote.o
    0x0002bf14   0x00000042   Code   RO         7109    i.characteristics_discover  ble_db_discovery.o
    0x0002bf56   0x00000038   Code   RO         6300    i.claim             peer_id.o
    0x0002bf8e   0x00000002   PAD
    0x0002bf90   0x00000028   Code   RO         7219    i.clock_clk_started_notify  nrf_drv_clock.o
    0x0002bfb8   0x000000ac   Code   RO         9709    i.compare_reg_update  app_timer.o
    0x0002c064   0x00000088   Code   RO         5160    i.conn_int_encode   ble_advdata.o
    0x0002c0ec   0x00000004   Code   RO            9    i.conn_params_error_handler  main.o
    0x0002c0f0   0x00000048   Code   RO         5238    i.conn_params_negotiation  ble_conn_params.o
    0x0002c138   0x00000044   Code   RO         6768    i.conn_sec_failure  security_dispatcher.o
    0x0002c17c   0x00000084   Code   RO         4906    i.copy_and_key      aes.o
    0x0002c200   0x00000042   Code   RO         4907    i.copy_block        aes.o
    0x0002c242   0x00000002   PAD
    0x0002c244   0x00000080   Code   RO         8618    i.delete_execute    fds.o
    0x0002c2c4   0x0000008c   Code   RO         7110    i.descriptors_discover  ble_db_discovery.o
    0x0002c350   0x00000060   Code   RO         8307    i.detection_delay_timeout_handler  app_button.o
    0x0002c3b0   0x00000090   Code   RO         7111    i.discovery_complete_evt_trigger  ble_db_discovery.o
    0x0002c440   0x0000003c   Code   RO         7112    i.discovery_error_evt_trigger  ble_db_discovery.o
    0x0002c47c   0x0000005c   Code   RO         7113    i.discovery_start   ble_db_discovery.o
    0x0002c4d8   0x00000030   Code   RO         1441    i.dump_hex2str      app_lora.o
    0x0002c508   0x00000040   Code   RO         9710    i.elapsed_ticks_acquire  app_timer.o
    0x0002c548   0x0000000a   Code   RO         6769    i.encryption_failure  security_dispatcher.o
    0x0002c552   0x00000002   PAD
    0x0002c554   0x0000004c   Code   RO         8498    i.erase             nrf_fstorage_sd.o
    0x0002c5a0   0x00000074   Code   RO         8619    i.event_prepare     fds.o
    0x0002c614   0x0000004e   Code   RO         8499    i.event_send        nrf_fstorage_sd.o
    0x0002c662   0x00000002   PAD
    0x0002c664   0x00000020   Code   RO         8620    i.event_send        fds.o
    0x0002c684   0x00000074   Code   RO         6909    i.events_send_from_err_code  security_manager.o
    0x0002c6f8   0x0000001c   Code   RO         5618    i.evt_send          gatt_cache_manager.o
    0x0002c714   0x0000002c   Code   RO         6391    i.evt_send          peer_manager.o
    0x0002c740   0x0000001c   Code   RO         6770    i.evt_send          security_dispatcher.o
    0x0002c75c   0x0000000c   Code   RO         6910    i.evt_send          security_manager.o
    0x0002c768   0x00000044   Code   RO         8622    i.fds_file_delete   fds.o
    0x0002c7ac   0x00000040   Code   RO         8625    i.fds_record_close  fds.o
    0x0002c7ec   0x0000000e   Code   RO         8627    i.fds_record_find   fds.o
    0x0002c7fa   0x00000010   Code   RO         8628    i.fds_record_find_by_key  fds.o
    0x0002c80a   0x00000010   Code   RO         8629    i.fds_record_find_in_file  fds.o
    0x0002c81a   0x00000010   Code   RO         8630    i.fds_record_id_from_desc  fds.o
    0x0002c82a   0x00000002   PAD
    0x0002c82c   0x00000048   Code   RO         8632    i.fds_record_open   fds.o
    0x0002c874   0x0000000e   Code   RO         8633    i.fds_record_update  fds.o
    0x0002c882   0x00000008   Code   RO         8634    i.fds_record_write  fds.o
    0x0002c88a   0x0000000c   Code   RO         8635    i.fds_record_write_reserved  fds.o
    0x0002c896   0x00000002   PAD
    0x0002c898   0x00000030   Code   RO         8637    i.fds_reserve       fds.o
    0x0002c8c8   0x00000048   Code   RO         8638    i.fds_reserve_cancel  fds.o
    0x0002c910   0x00000014   Code   RO         8366    i.fifo_get          app_fifo.o
    0x0002c924   0x00000012   Code   RO         8367    i.fifo_put          app_fifo.o
    0x0002c936   0x00000002   PAD
    0x0002c938   0x00000054   Code   RO         6912    i.flags_set_from_err_code  security_manager.o
    0x0002c98c   0x0000000e   Code   RO         9544    i.fputc             retarget.o
    0x0002c99a   0x00000006   Code   RO         8640    i.fs_event_handler  fds.o
    0x0002c9a0   0x000000ac   Code   RO         1442    i.fstorage_evt_handler  app_lora.o
    0x0002ca4c   0x00000054   Code   RO           10    i.gatt_evt_handler  main.o
    0x0002caa0   0x00000030   Code   RO           11    i.gatt_init         main.o
    0x0002cad0   0x00000074   Code   RO         8641    i.gc_execute        fds.o
    0x0002cb44   0x0000004c   Code   RO         8642    i.gc_next_page      fds.o
    0x0002cb90   0x00000040   Code   RO         8643    i.gc_page_erase     fds.o
    0x0002cbd0   0x00000034   Code   RO         8644    i.gc_record_copy    fds.o
    0x0002cc04   0x00000024   Code   RO         8645    i.gc_record_find_next  fds.o
    0x0002cc28   0x00000088   Code   RO         8646    i.gc_state_advance  fds.o
    0x0002ccb0   0x00000098   Code   RO         5619    i.gcm_ble_evt_handler  gatt_cache_manager.o
    0x0002cd48   0x00000030   Code   RO         5620    i.gcm_im_evt_handler  gatt_cache_manager.o
    0x0002cd78   0x0000007c   Code   RO         5624    i.gcm_pdb_evt_handler  gatt_cache_manager.o
    0x0002cdf4   0x00000038   Code   RO         5804    i.get_connection_by_conn_handle  id_manager.o
    0x0002ce2c   0x00000030   Code   RO         5805    i.get_free_connection  id_manager.o
    0x0002ce5c   0x00000124   Code   RO         2197    i.get_lis3dh_data   rak_i2c_lis3dh.o
    0x0002cf80   0x00000058   Code   RO         8308    i.gpiote_event_handler  app_button.o
    0x0002cfd8   0x0000001c   Code   RO         5726    i.gscm_db_change_notification_done  gatts_cache_manager.o
    0x0002cff4   0x0000006a   Code   RO         5729    i.gscm_local_db_cache_apply  gatts_cache_manager.o
    0x0002d05e   0x00000082   Code   RO         5730    i.gscm_local_db_cache_update  gatts_cache_manager.o
    0x0002d0e0   0x00000018   Code   RO         5731    i.gscm_pdb_evt_handler  gatts_cache_manager.o
    0x0002d0f8   0x0000001e   Code   RO         5732    i.gscm_service_changed_ind_needed  gatts_cache_manager.o
    0x0002d116   0x00000002   PAD
    0x0002d118   0x00000038   Code   RO         5733    i.gscm_service_changed_ind_send  gatts_cache_manager.o
    0x0002d150   0x00000026   Code   RO         8647    i.header_check      fds.o
    0x0002d176   0x00000012   Code   RO         8648    i.header_has_next   fds.o
    0x0002d188   0x00000046   Code   RO         5806    i.im_address_resolve  id_manager.o
    0x0002d1ce   0x00000002   PAD
    0x0002d1d0   0x00000030   Code   RO         5807    i.im_ble_addr_get   id_manager.o
    0x0002d200   0x000000c8   Code   RO         5808    i.im_ble_evt_handler  id_manager.o
    0x0002d2c8   0x0000002c   Code   RO         5809    i.im_conn_handle_get  id_manager.o
    0x0002d2f4   0x00000038   Code   RO         5811    i.im_find_duplicate_bonding_data  id_manager.o
    0x0002d32c   0x00000072   Code   RO         5815    i.im_is_duplicate_bonding_data  id_manager.o
    0x0002d39e   0x00000018   Code   RO         5816    i.im_master_id_is_valid  id_manager.o
    0x0002d3b6   0x0000002a   Code   RO         5817    i.im_master_ids_compare  id_manager.o
    0x0002d3e0   0x00000004   Code   RO         5818    i.im_new_peer_id    id_manager.o
    0x0002d3e4   0x00000026   Code   RO         5819    i.im_peer_free      id_manager.o
    0x0002d40a   0x00000002   PAD
    0x0002d40c   0x00000020   Code   RO         5820    i.im_peer_id_get_by_conn_handle  id_manager.o
    0x0002d42c   0x0000003c   Code   RO         5821    i.im_peer_id_get_by_master_id  id_manager.o
    0x0002d468   0x00000038   Code   RO         8500    i.init              nrf_fstorage_sd.o
    0x0002d4a0   0x000000c8   Code   RO         8649    i.init_execute      fds.o
    0x0002d568   0x00000014   Code   RO         5239    i.instance_get      ble_conn_params.o
    0x0002d57c   0x000000a6   Code   RO         9301    i.int_print         nrf_fprintf_format.o
    0x0002d622   0x00000002   PAD
    0x0002d624   0x00000078   Code   RO         8074    i.interrupts_enable  nrf_drv_uart.o
    0x0002d69c   0x000000b6   Code   RO         7898    i.irq_handler_twi   nrf_drv_twi.o
    0x0002d752   0x00000002   PAD
    0x0002d754   0x00000010   Code   RO         8501    i.is_busy           nrf_fstorage_sd.o
    0x0002d764   0x00000044   Code   RO         5240    i.is_conn_params_ok  ble_conn_params.o
    0x0002d7a8   0x0000004c   Code   RO         7114    i.is_desc_discovery_reqd  ble_db_discovery.o
    0x0002d7f4   0x00000014   Code   RO         5826    i.is_valid_irk      id_manager.o
    0x0002d808   0x0000000c   Code   RO         8650    i.is_word_aligned   fds.o
    0x0002d814   0x00000014   Code   RO          630    i.leds_off          bsp.o
    0x0002d828   0x00000014   Code   RO          631    i.leds_timer_handler  bsp.o
    0x0002d83c   0x00000028   Code   RO         7222    i.lfclk_stop        nrf_drv_clock.o
    0x0002d864   0x00000018   Code   RO         5521    i.link_init         nrf_ble_gatt.o
    0x0002d87c   0x000000b4   Code   RO         6913    i.link_secure       security_manager.o
    0x0002d930   0x0000007c   Code   RO         6772    i.link_secure_central_encryption  security_dispatcher.o
    0x0002d9ac   0x000000a8   Code   RO         6773    i.link_secure_central_pairing  security_dispatcher.o
    0x0002da54   0x0000008c   Code   RO         6774    i.link_secure_failure  security_dispatcher.o
    0x0002dae0   0x0000005c   Code   RO         6914    i.link_secure_pending_process  security_manager.o
    0x0002db3c   0x00000004   Code   RO         2199    i.lis3dh_init       rak_i2c_lis3dh.o
    0x0002db40   0x00000018   Code   RO         2202    i.lis3dh_twi_init   rak_i2c_lis3dh.o
    0x0002db58   0x000000f8   Code   RO         9711    i.list_insertions_handler  app_timer.o
    0x0002dc50   0x00000068   Code   RO         5625    i.local_db_apply_in_evt  gatt_cache_manager.o
    0x0002dcb8   0x00000010   Code   RO         5626    i.local_db_update   gatt_cache_manager.o
    0x0002dcc8   0x00000032   Code   RO         6713    i.lock_by_mask      pm_mutex.o
    0x0002dcfa   0x00000002   PAD
    0x0002dcfc   0x00000094   Code   RO         9944    i.log_skip          nrf_log_frontend.o
    0x0002dd90   0x00000014   Code   RO         1443    i.lora_init         app_lora.o
    0x0002dda4   0x000001e4   Code   RO         1444    i.lora_process      app_lora.o
    0x0002df88   0x000000b8   Code   RO           12    i.main              main.o
    0x0002e040   0x00000064   Code   RO         5161    i.manuf_specific_data_encode  ble_advdata.o
    0x0002e0a4   0x00000014   Code   RO         1317    i.memcpy1           utilities.o
    0x0002e0b8   0x00000018   Code   RO         1318    i.memcpyr           utilities.o
    0x0002e0d0   0x00000076   Code   RO         9075    i.memobj_op         nrf_memobj.o
    0x0002e146   0x00000002   PAD
    0x0002e148   0x00000010   Code   RO         1319    i.memset1           utilities.o
    0x0002e158   0x0000021c   Code   RO         4908    i.mix_sub_columns   aes.o
    0x0002e374   0x00000034   Code   RO         9945    i.module_idx_get    nrf_log_frontend.o
    0x0002e3a8   0x00000160   Code   RO           13    i.nRF_BLE_init      main.o
    0x0002e508   0x000000a0   Code   RO           14    i.nRF_hardware_init  main.o
    0x0002e5a8   0x00000048   Code   RO           15    i.nRF_lora_init     main.o
    0x0002e5f0   0x0000009c   Code   RO         5162    i.name_encode       ble_advdata.o
    0x0002e68c   0x00000058   Code   RO         5827    i.new_connection    id_manager.o
    0x0002e6e4   0x00000014   Code   RO         6915    i.new_context_get   security_manager.o
    0x0002e6f8   0x00000030   Code   RO         6301    i.next_id_get       peer_id.o
    0x0002e728   0x00000010   Code   RO         9148    i.nrf_atfifo_clear  nrf_atfifo.o
    0x0002e738   0x00000026   Code   RO         9150    i.nrf_atfifo_init   nrf_atfifo.o
    0x0002e75e   0x00000016   Code   RO         9151    i.nrf_atfifo_item_alloc  nrf_atfifo.o
    0x0002e774   0x00000016   Code   RO         9152    i.nrf_atfifo_item_free  nrf_atfifo.o
    0x0002e78a   0x00000016   Code   RO         9153    i.nrf_atfifo_item_get  nrf_atfifo.o
    0x0002e7a0   0x00000016   Code   RO         9154    i.nrf_atfifo_item_put  nrf_atfifo.o
    0x0002e7b6   0x0000000e   Code   RO         9946    i.nrf_atomic_flag_set  nrf_log_frontend.o
    0x0002e7c4   0x0000000c   Code   RO         8651    i.nrf_atomic_u32_add  fds.o
    0x0002e7d0   0x00000044   Code   RO         9216    i.nrf_balloc_alloc  nrf_balloc.o
    0x0002e814   0x00000030   Code   RO         9217    i.nrf_balloc_free   nrf_balloc.o
    0x0002e844   0x00000030   Code   RO         9218    i.nrf_balloc_init   nrf_balloc.o
    0x0002e874   0x00000010   Code   RO         7428    i.nrf_bitmask_bit_is_set  nrf_drv_gpiote.o
    0x0002e884   0x00000018   Code   RO         5523    i.nrf_ble_gatt_att_mtu_periph_set  nrf_ble_gatt.o
    0x0002e89c   0x00000022   Code   RO         5527    i.nrf_ble_gatt_init  nrf_ble_gatt.o
    0x0002e8be   0x00000002   PAD
    0x0002e8c0   0x00000148   Code   RO         5528    i.nrf_ble_gatt_on_ble_evt  nrf_ble_gatt.o
    0x0002ea08   0x0000000e   Code   RO         7223    i.nrf_clock_event_check  nrf_drv_clock.o
    0x0002ea16   0x00000010   Code   RO         7224    i.nrf_clock_event_clear  nrf_drv_clock.o
    0x0002ea26   0x00000002   PAD
    0x0002ea28   0x0000008c   Code   RO         1320    i.nrf_delay_us      utilities.o
    0x0002eab4   0x0000008c   Code   RO         7899    i.nrf_delay_us      nrf_drv_twi.o
    0x0002eb40   0x0000008c   Code   RO         9712    i.nrf_delay_us      app_timer.o
    0x0002ebcc   0x00000048   Code   RO         7231    i.nrf_drv_clock_init  nrf_drv_clock.o
    0x0002ec14   0x0000002c   Code   RO         7235    i.nrf_drv_clock_lfclk_release  nrf_drv_clock.o
    0x0002ec40   0x00000038   Code   RO         7388    i.nrf_drv_common_irq_enable  nrf_drv_common.o
    0x0002ec78   0x00000006   Code   RO         8076    i.nrf_drv_get_IRQn  nrf_drv_uart.o
    0x0002ec7e   0x00000002   PAD
    0x0002ec80   0x00000048   Code   RO         7432    i.nrf_drv_gpiote_in_event_disable  nrf_drv_gpiote.o
    0x0002ecc8   0x000000a4   Code   RO         7433    i.nrf_drv_gpiote_in_event_enable  nrf_drv_gpiote.o
    0x0002ed6c   0x000000b8   Code   RO         7434    i.nrf_drv_gpiote_in_init  nrf_drv_gpiote.o
    0x0002ee24   0x00000014   Code   RO         7435    i.nrf_drv_gpiote_in_is_set  nrf_drv_gpiote.o
    0x0002ee38   0x00000048   Code   RO         7436    i.nrf_drv_gpiote_in_uninit  nrf_drv_gpiote.o
    0x0002ee80   0x0000005c   Code   RO         7437    i.nrf_drv_gpiote_init  nrf_drv_gpiote.o
    0x0002eedc   0x00000014   Code   RO         7438    i.nrf_drv_gpiote_is_init  nrf_drv_gpiote.o
    0x0002eef0   0x0000000e   Code   RO         7439    i.nrf_drv_gpiote_out_clear  nrf_drv_gpiote.o
    0x0002eefe   0x00000002   PAD
    0x0002ef00   0x000000b8   Code   RO         7440    i.nrf_drv_gpiote_out_init  nrf_drv_gpiote.o
    0x0002efb8   0x0000000e   Code   RO         7441    i.nrf_drv_gpiote_out_set  nrf_drv_gpiote.o
    0x0002efc6   0x00000002   PAD
    0x0002efc8   0x00000044   Code   RO         7448    i.nrf_drv_gpiote_out_uninit  nrf_drv_gpiote.o
    0x0002f00c   0x00000010   Code   RO         7784    i.nrf_drv_is_in_RAM  nrf_drv_spi.o
    0x0002f01c   0x00000010   Code   RO         8077    i.nrf_drv_is_in_RAM  nrf_drv_uart.o
    0x0002f02c   0x0000000c   Code   RO         2203    i.nrf_drv_lis3dh_read_reg  rak_i2c_lis3dh.o
    0x0002f038   0x00000010   Code   RO         2204    i.nrf_drv_lis3dh_write_reg  rak_i2c_lis3dh.o
    0x0002f048   0x00000018   Code   RO         7672    i.nrf_drv_rtc_enable  nrf_drv_rtc.o
    0x0002f060   0x00000060   Code   RO         7673    i.nrf_drv_rtc_init  nrf_drv_rtc.o
    0x0002f0c0   0x000000a0   Code   RO         7674    i.nrf_drv_rtc_int_handler  nrf_drv_rtc.o
    0x0002f160   0x00000020   Code   RO         7675    i.nrf_drv_rtc_max_ticks_get  nrf_drv_rtc.o
    0x0002f180   0x00000024   Code   RO         7677    i.nrf_drv_rtc_overflow_enable  nrf_drv_rtc.o
    0x0002f1a4   0x00000024   Code   RO         7679    i.nrf_drv_rtc_tick_enable  nrf_drv_rtc.o
    0x0002f1c8   0x00000128   Code   RO         7787    i.nrf_drv_spi_init  nrf_drv_spi.o
    0x0002f2f0   0x0000001c   Code   RO         7789    i.nrf_drv_spi_transfer  nrf_drv_spi.o
    0x0002f30c   0x00000060   Code   RO         7791    i.nrf_drv_spi_xfer  nrf_drv_spi.o
    0x0002f36c   0x00000020   Code   RO         7902    i.nrf_drv_twi_enable  nrf_drv_twi.o
    0x0002f38c   0x00000028   Code   RO         1975    i.nrf_drv_twi_event_handler  rak_i2c_drv.o
    0x0002f3b4   0x0000008c   Code   RO         7903    i.nrf_drv_twi_init  nrf_drv_twi.o
    0x0002f440   0x00000024   Code   RO         7905    i.nrf_drv_twi_rx    nrf_drv_twi.o
    0x0002f464   0x00000024   Code   RO         7908    i.nrf_drv_twi_tx    nrf_drv_twi.o
    0x0002f488   0x0000002c   Code   RO         7910    i.nrf_drv_twi_xfer  nrf_drv_twi.o
    0x0002f4b4   0x00000068   Code   RO         8079    i.nrf_drv_uart_init  nrf_drv_uart.o
    0x0002f51c   0x000000b0   Code   RO         8080    i.nrf_drv_uart_rx   nrf_drv_uart.o
    0x0002f5cc   0x00000030   Code   RO         8083    i.nrf_drv_uart_rx_enable  nrf_drv_uart.o
    0x0002f5fc   0x000000a8   Code   RO         8084    i.nrf_drv_uart_rx_for_uart  nrf_drv_uart.o
    0x0002f6a4   0x000000b0   Code   RO         8085    i.nrf_drv_uart_rx_for_uarte  nrf_drv_uart.o
    0x0002f754   0x0000010c   Code   RO         8087    i.nrf_drv_uart_tx   nrf_drv_uart.o
    0x0002f860   0x00000018   Code   RO         8089    i.nrf_drv_uart_tx_in_progress  nrf_drv_uart.o
    0x0002f878   0x0000001a   Code   RO         9257    i.nrf_fprintf       nrf_fprintf.o
    0x0002f892   0x00000018   Code   RO         9258    i.nrf_fprintf_buffer_flush  nrf_fprintf.o
    0x0002f8aa   0x000001da   Code   RO         9302    i.nrf_fprintf_fmt   nrf_fprintf_format.o
    0x0002fa84   0x0000004e   Code   RO         8431    i.nrf_fstorage_erase  nrf_fstorage.o
    0x0002fad2   0x00000010   Code   RO         8432    i.nrf_fstorage_init  nrf_fstorage.o
    0x0002fae2   0x00000002   PAD
    0x0002fae4   0x00000050   Code   RO         8433    i.nrf_fstorage_is_busy  nrf_fstorage.o
    0x0002fb34   0x00000050   Code   RO         8434    i.nrf_fstorage_read  nrf_fstorage.o
    0x0002fb84   0x00000018   Code   RO         8502    i.nrf_fstorage_sdh_req_handler  nrf_fstorage_sd.o
    0x0002fb9c   0x00000020   Code   RO         8503    i.nrf_fstorage_sdh_state_handler  nrf_fstorage_sd.o
    0x0002fbbc   0x000000a4   Code   RO         8504    i.nrf_fstorage_sys_evt_handler  nrf_fstorage_sd.o
    0x0002fc60   0x00000066   Code   RO         8438    i.nrf_fstorage_write  nrf_fstorage.o
    0x0002fcc6   0x00000024   Code   RO          505    i.nrf_gpio_cfg      boards.o
    0x0002fcea   0x00000024   Code   RO         7452    i.nrf_gpio_cfg      nrf_drv_gpiote.o
    0x0002fd0e   0x00000024   Code   RO         7792    i.nrf_gpio_cfg      nrf_drv_spi.o
    0x0002fd32   0x00000024   Code   RO         8091    i.nrf_gpio_cfg      nrf_drv_uart.o
    0x0002fd56   0x00000012   Code   RO         7453    i.nrf_gpio_cfg_default  nrf_drv_gpiote.o
    0x0002fd68   0x00000012   Code   RO         8093    i.nrf_gpio_cfg_input  nrf_drv_uart.o
    0x0002fd7a   0x00000014   Code   RO         7793    i.nrf_gpio_cfg_output  nrf_drv_spi.o
    0x0002fd8e   0x00000014   Code   RO         8094    i.nrf_gpio_cfg_output  nrf_drv_uart.o
    0x0002fda2   0x00000022   Code   RO          632    i.nrf_gpio_cfg_sense_set  bsp.o
    0x0002fdc4   0x00000022   Code   RO         7454    i.nrf_gpio_cfg_sense_set  nrf_drv_gpiote.o
    0x0002fde6   0x0000000e   Code   RO         7794    i.nrf_gpio_pin_set  nrf_drv_spi.o
    0x0002fdf4   0x0000000e   Code   RO         7911    i.nrf_gpio_pin_set  nrf_drv_twi.o
    0x0002fe02   0x00000016   Code   RO          506    i.nrf_gpio_pin_write  boards.o
    0x0002fe18   0x00000028   Code   RO         7455    i.nrf_gpio_ports_read  nrf_drv_gpiote.o
    0x0002fe40   0x00000014   Code   RO         7456    i.nrf_gpiote_event_clear  nrf_drv_gpiote.o
    0x0002fe54   0x00000010   Code   RO         7457    i.nrf_gpiote_event_is_set  nrf_drv_gpiote.o
    0x0002fe64   0x00000050   Code   RO         9947    i.nrf_log_backend_add  nrf_log_frontend.o
    0x0002feb4   0x00000002   Code   RO        10178    i.nrf_log_backend_rtt_flush  nrf_log_backend_rtt.o
    0x0002feb6   0x00000004   Code   RO        10179    i.nrf_log_backend_rtt_init  nrf_log_backend_rtt.o
    0x0002feba   0x00000002   Code   RO        10180    i.nrf_log_backend_rtt_panic_set  nrf_log_backend_rtt.o
    0x0002febc   0x00000018   Code   RO        10181    i.nrf_log_backend_rtt_put  nrf_log_backend_rtt.o
    0x0002fed4   0x000000d2   Code   RO        10232    i.nrf_log_backend_serial_put  nrf_log_backend_serial.o
    0x0002ffa6   0x00000002   PAD
    0x0002ffa8   0x00000030   Code   RO         9949    i.nrf_log_color_id_get  nrf_log_frontend.o
    0x0002ffd8   0x0000001c   Code   RO         9907    i.nrf_log_default_backends_init  nrf_log_default_backends.o
    0x0002fff4   0x000001f0   Code   RO         9950    i.nrf_log_frontend_dequeue  nrf_log_frontend.o
    0x000301e4   0x00000008   Code   RO         9952    i.nrf_log_frontend_std_0  nrf_log_frontend.o
    0x000301ec   0x0000000e   Code   RO         9953    i.nrf_log_frontend_std_1  nrf_log_frontend.o
    0x000301fa   0x00000010   Code   RO         9954    i.nrf_log_frontend_std_2  nrf_log_frontend.o
    0x0003020a   0x00000012   Code   RO         9955    i.nrf_log_frontend_std_3  nrf_log_frontend.o
    0x0003021c   0x000000ac   Code   RO        10132    i.nrf_log_hexdump_entry_process  nrf_log_str_formatter.o
    0x000302c8   0x0000005c   Code   RO         9959    i.nrf_log_init      nrf_log_frontend.o
    0x00030324   0x00000014   Code   RO         9960    i.nrf_log_module_cnt_get  nrf_log_frontend.o
    0x00030338   0x0000001c   Code   RO         9963    i.nrf_log_module_name_get  nrf_log_frontend.o
    0x00030354   0x00000028   Code   RO         9964    i.nrf_log_panic     nrf_log_frontend.o
    0x0003037c   0x000000b6   Code   RO        10133    i.nrf_log_std_entry_process  nrf_log_str_formatter.o
    0x00030432   0x00000060   Code   RO         9076    i.nrf_memobj_alloc  nrf_memobj.o
    0x00030492   0x00000032   Code   RO         9077    i.nrf_memobj_free   nrf_memobj.o
    0x000304c4   0x0000000e   Code   RO         9078    i.nrf_memobj_get    nrf_memobj.o
    0x000304d2   0x00000004   Code   RO         9079    i.nrf_memobj_pool_init  nrf_memobj.o
    0x000304d6   0x00000022   Code   RO         9080    i.nrf_memobj_put    nrf_memobj.o
    0x000304f8   0x0000000c   Code   RO         9081    i.nrf_memobj_read   nrf_memobj.o
    0x00030504   0x0000000c   Code   RO         9082    i.nrf_memobj_write  nrf_memobj.o
    0x00030510   0x0000000c   Code   RO         7681    i.nrf_rtc_event_clear  nrf_drv_rtc.o
    0x0003051c   0x00000014   Code   RO        10684    i.nrf_sdh_ble_app_ram_start_get  nrf_sdh_ble.o
    0x00030530   0x00000154   Code   RO        10685    i.nrf_sdh_ble_default_cfg_set  nrf_sdh_ble.o
    0x00030684   0x000000d8   Code   RO        10686    i.nrf_sdh_ble_enable  nrf_sdh_ble.o
    0x0003075c   0x00000050   Code   RO        10687    i.nrf_sdh_ble_evts_poll  nrf_sdh_ble.o
    0x000307ac   0x0000003c   Code   RO        10562    i.nrf_sdh_disable_request  nrf_sdh.o
    0x000307e8   0x0000006c   Code   RO        10563    i.nrf_sdh_enable_request  nrf_sdh.o
    0x00030854   0x00000024   Code   RO        10564    i.nrf_sdh_evts_poll  nrf_sdh.o
    0x00030878   0x0000000c   Code   RO        10565    i.nrf_sdh_is_enabled  nrf_sdh.o
    0x00030884   0x0000001c   Code   RO        10567    i.nrf_sdh_request_continue  nrf_sdh.o
    0x000308a0   0x0000003c   Code   RO        10521    i.nrf_sdh_soc_evts_poll  nrf_sdh_soc.o
    0x000308dc   0x0000000a   Code   RO         9039    i.nrf_section_iter_init  nrf_section_iter.o
    0x000308e6   0x00000024   Code   RO         9040    i.nrf_section_iter_item_set  nrf_section_iter.o
    0x0003090a   0x00000020   Code   RO         9041    i.nrf_section_iter_next  nrf_section_iter.o
    0x0003092a   0x0000000a   Code   RO         7795    i.nrf_spim_event_check  nrf_drv_spi.o
    0x00030934   0x00000038   Code   RO         9006    i.nrf_strerror_find  nrf_strerror.o
    0x0003096c   0x00000014   Code   RO         9007    i.nrf_strerror_get  nrf_strerror.o
    0x00030980   0x0000000a   Code   RO         7912    i.nrf_twi_event_check  nrf_drv_twi.o
    0x0003098a   0x0000000c   Code   RO         7913    i.nrf_twi_event_clear  nrf_drv_twi.o
    0x00030996   0x0000000a   Code   RO         8095    i.nrf_uart_event_check  nrf_drv_uart.o
    0x000309a0   0x0000000c   Code   RO         8096    i.nrf_uart_event_clear  nrf_drv_uart.o
    0x000309ac   0x0000000c   Code   RO         8097    i.nrf_uart_int_enable_check  nrf_drv_uart.o
    0x000309b8   0x0000000a   Code   RO         8098    i.nrf_uarte_event_check  nrf_drv_uart.o
    0x000309c2   0x0000000c   Code   RO         8099    i.nrf_uarte_event_clear  nrf_drv_uart.o
    0x000309ce   0x00000002   PAD
    0x000309d0   0x000000c8   Code   RO           16    i.nus_data_handler  main.o
    0x00030a98   0x0000001e   Code   RO           17    i.on_adv_evt        main.o
    0x00030ab6   0x00000002   PAD
    0x00030ab8   0x00000114   Code   RO         7115    i.on_characteristic_discovery_rsp  ble_db_discovery.o
    0x00030bcc   0x0000001c   Code   RO           18    i.on_conn_params_evt  main.o
    0x00030be8   0x0000009c   Code   RO         5529    i.on_connected_evt  nrf_ble_gatt.o
    0x00030c84   0x000000f0   Code   RO         7116    i.on_descriptor_discovery_rsp  ble_db_discovery.o
    0x00030d74   0x00000074   Code   RO         5530    i.on_exchange_mtu_request_evt  nrf_ble_gatt.o
    0x00030de8   0x0000006c   Code   RO         7117    i.on_primary_srv_discovery_rsp  ble_db_discovery.o
    0x00030e54   0x0000007c   Code   RO         7118    i.on_srv_disc_completion  ble_db_discovery.o
    0x00030ed0   0x00000012   Code   RO         8653    i.page_offsets_update  fds.o
    0x00030ee2   0x00000002   PAD
    0x00030ee4   0x0000001c   Code   RO         8655    i.page_tag_write_data  fds.o
    0x00030f00   0x00000024   Code   RO         8656    i.page_tag_write_swap  fds.o
    0x00030f24   0x0000000c   Code   RO         6775    i.pairing           security_dispatcher.o
    0x00030f30   0x0000003e   Code   RO         6916    i.params_reply_pending_process  security_manager.o
    0x00030f6e   0x00000028   Code   RO         6917    i.params_req_send   security_manager.o
    0x00030f96   0x00000002   PAD
    0x00030f98   0x0000007c   Code   RO           19    i.parse_lora_config  main.o
    0x00031014   0x0000001c   Code   RO         6132    i.pdb_evt_send      peer_database.o
    0x00031030   0x00000004   Code   RO         6135    i.pdb_next_deleted_peer_id_get  peer_database.o
    0x00031034   0x00000004   Code   RO         6136    i.pdb_next_peer_id_get  peer_database.o
    0x00031038   0x00000078   Code   RO         6137    i.pdb_pds_evt_handler  peer_database.o
    0x000310b0   0x00000004   Code   RO         6138    i.pdb_peer_allocate  peer_database.o
    0x000310b4   0x00000010   Code   RO         6139    i.pdb_peer_data_load  peer_database.o
    0x000310c4   0x00000006   Code   RO         6140    i.pdb_peer_data_ptr_get  peer_database.o
    0x000310ca   0x00000044   Code   RO         6141    i.pdb_peer_free     peer_database.o
    0x0003110e   0x00000008   Code   RO         6142    i.pdb_raw_store     peer_database.o
    0x00031116   0x00000002   PAD
    0x00031118   0x00000104   Code   RO         6143    i.pdb_write_buf_get  peer_database.o
    0x0003121c   0x00000028   Code   RO         6144    i.pdb_write_buf_release  peer_database.o
    0x00031244   0x00000028   Code   RO         6145    i.pdb_write_buf_store  peer_database.o
    0x0003126c   0x00000068   Code   RO         6146    i.pdb_write_buf_store_prepare  peer_database.o
    0x000312d4   0x00000010   Code   RO         5992    i.pds_evt_send      peer_data_storage.o
    0x000312e4   0x00000004   Code   RO         5994    i.pds_next_deleted_peer_id_get  peer_data_storage.o
    0x000312e8   0x00000004   Code   RO         5995    i.pds_next_peer_id_get  peer_data_storage.o
    0x000312ec   0x00000058   Code   RO         5998    i.pds_peer_data_iterate  peer_data_storage.o
    0x00031344   0x00000010   Code   RO         5999    i.pds_peer_data_iterate_prepare  peer_data_storage.o
    0x00031354   0x00000068   Code   RO         6000    i.pds_peer_data_read  peer_data_storage.o
    0x000313bc   0x00000096   Code   RO         6001    i.pds_peer_data_store  peer_data_storage.o
    0x00031452   0x00000008   Code   RO         6002    i.pds_peer_id_allocate  peer_data_storage.o
    0x0003145a   0x00000016   Code   RO         6003    i.pds_peer_id_free  peer_data_storage.o
    0x00031470   0x00000004   Code   RO         6004    i.pds_peer_id_is_allocated  peer_data_storage.o
    0x00031474   0x0000002e   Code   RO         6005    i.pds_space_reserve  peer_data_storage.o
    0x000314a2   0x00000010   Code   RO         6006    i.pds_space_reserve_cancel  peer_data_storage.o
    0x000314b2   0x00000002   PAD
    0x000314b4   0x0000000c   Code   RO         6776    i.peer_created      security_dispatcher.o
    0x000314c0   0x00000006   Code   RO         6147    i.peer_data_const_point_to_buffer  peer_database.o
    0x000314c6   0x00000002   PAD
    0x000314c8   0x00000084   Code   RO         6007    i.peer_data_delete  peer_data_storage.o
    0x0003154c   0x00000030   Code   RO         6008    i.peer_data_find    peer_data_storage.o
    0x0003157c   0x00000020   Code   RO         6009    i.peer_data_id_is_valid  peer_data_storage.o
    0x0003159c   0x0000001a   Code   RO         6148    i.peer_data_point_to_buffer  peer_database.o
    0x000315b6   0x00000002   PAD
    0x000315b8   0x0000000c   Code   RO         6302    i.peer_id_allocate  peer_id.o
    0x000315c4   0x00000024   Code   RO         6303    i.peer_id_delete    peer_id.o
    0x000315e8   0x0000001c   Code   RO         6304    i.peer_id_free      peer_id.o
    0x00031604   0x0000000c   Code   RO         6305    i.peer_id_get_next_deleted  peer_id.o
    0x00031610   0x00000030   Code   RO         6306    i.peer_id_get_next_used  peer_id.o
    0x00031640   0x00000014   Code   RO         6308    i.peer_id_is_allocated  peer_id.o
    0x00031654   0x00000014   Code   RO         6309    i.peer_id_is_deleted  peer_id.o
    0x00031668   0x0000001c   Code   RO         5828    i.peer_id_set       id_manager.o
    0x00031684   0x000000d8   Code   RO         5627    i.pending_flags_check  gatt_cache_manager.o
    0x0003175c   0x00000014   Code   RO          984    i.pin_event_handler  gpio-board.o
    0x00031770   0x00000018   Code   RO         7458    i.pin_in_use_by_port  nrf_drv_gpiote.o
    0x00031788   0x00000018   Code   RO         7459    i.pin_in_use_by_te  nrf_drv_gpiote.o
    0x000317a0   0x0000005c   Code   RO         6671    i.pm_buffer_block_acquire  pm_buffer.o
    0x000317fc   0x00000028   Code   RO         6673    i.pm_buffer_ptr_get  pm_buffer.o
    0x00031824   0x0000002e   Code   RO         6674    i.pm_buffer_release  pm_buffer.o
    0x00031852   0x00000004   Code   RO         6399    i.pm_gcm_evt_handler  peer_manager.o
    0x00031856   0x00000002   PAD
    0x00031858   0x00000024   Code   RO         6402    i.pm_im_evt_handler  peer_manager.o
    0x0003187c   0x0000001a   Code   RO         6715    i.pm_mutex_lock     pm_mutex.o
    0x00031896   0x00000036   Code   RO         6716    i.pm_mutex_lock_first_available  pm_mutex.o
    0x000318cc   0x00000018   Code   RO         6717    i.pm_mutex_lock_status_get  pm_mutex.o
    0x000318e4   0x0000003a   Code   RO         6718    i.pm_mutex_unlock   pm_mutex.o
    0x0003191e   0x00000002   PAD
    0x00031920   0x00000118   Code   RO         6407    i.pm_pdb_evt_handler  peer_manager.o
    0x00031a38   0x000000b8   Code   RO         6422    i.pm_peer_ranks_get  peer_manager.o
    0x00031af0   0x00000034   Code   RO         6428    i.pm_sm_evt_handler  peer_manager.o
    0x00031b24   0x0000003c   Code   RO        10134    i.postfix_process   nrf_log_str_formatter.o
    0x00031b60   0x0000000c   Code   RO           20    i.power_manage      main.o
    0x00031b6c   0x0000005c   Code   RO        10135    i.prefix_process    nrf_log_str_formatter.o
    0x00031bc8   0x00000090   Code   RO         1445    i.prepare_bluetooth_frame  app_lora.o
    0x00031c58   0x000000b8   Code   RO         1446    i.prepare_frame     app_lora.o
    0x00031d10   0x0000001c   Code   RO         8658    i.queue_buf_get     fds.o
    0x00031d2c   0x00000010   Code   RO         8659    i.queue_buf_store   fds.o
    0x00031d3c   0x00000098   Code   RO         8505    i.queue_process     nrf_fstorage_sd.o
    0x00031dd4   0x000000a8   Code   RO         8660    i.queue_process     fds.o
    0x00031e7c   0x00000028   Code   RO         8506    i.queue_start       nrf_fstorage_sd.o
    0x00031ea4   0x00000020   Code   RO         8661    i.queue_start       fds.o
    0x00031ec4   0x00000024   Code   RO         1977    i.rak_i2c_init      rak_i2c_drv.o
    0x00031ee8   0x0000006c   Code   RO         1978    i.rak_i2c_read      rak_i2c_drv.o
    0x00031f54   0x00000054   Code   RO         1982    i.rak_i2c_write     rak_i2c_drv.o
    0x00031fa8   0x00000028   Code   RO         1321    i.rand1             utilities.o
    0x00031fd0   0x0000001a   Code   RO         1322    i.randr             utilities.o
    0x00031fea   0x00000002   PAD
    0x00031fec   0x00000028   Code   RO         6431    i.rank_vars_update  peer_manager.o
    0x00032014   0x0000000e   Code   RO         8507    i.read              nrf_fstorage_sd.o
    0x00032022   0x00000002   PAD
    0x00032024   0x00000068   Code   RO         6149    i.reattempt_previous_operations  peer_database.o
    0x0003208c   0x00000088   Code   RO         8662    i.record_find       fds.o
    0x00032114   0x000000a0   Code   RO         8663    i.record_find_by_desc  fds.o
    0x000321b4   0x0000005c   Code   RO         8664    i.record_find_next  fds.o
    0x00032210   0x00000038   Code   RO         8665    i.record_header_flag_dirty  fds.o
    0x00032248   0x00000038   Code   RO         7119    i.registered_handler_get  ble_db_discovery.o
    0x00032280   0x00000010   Code   RO         6311    i.release           peer_id.o
    0x00032290   0x00000004   Code   RO         8508    i.rmap              nrf_fstorage_sd.o
    0x00032294   0x0000003c   Code   RO         9713    i.rtc1_stop         app_timer.o
    0x000322d0   0x00000020   Code   RO         1046    i.rtc_get_timestamp  rtc-board.o
    0x000322f0   0x00000034   Code   RO         1047    i.rtc_handler       rtc-board.o
    0x00032324   0x00000094   Code   RO         2401    i.rw_Region2Str     loramac.o
    0x000323b8   0x00000032   Code   RO         8101    i.rx_byte           nrf_drv_uart.o
    0x000323ea   0x000000a2   Code   RO         7057    i.rx_char_add       ble_nus.o
    0x0003248c   0x00000018   Code   RO         8102    i.rx_done_event     nrf_drv_uart.o
    0x000324a4   0x00000020   Code   RO         8103    i.rx_enable         nrf_drv_uart.o
    0x000324c4   0x00000042   Code   RO        10570    i.sd_nvic_SetPriority  nrf_sdh.o
    0x00032506   0x00000002   PAD
    0x00032508   0x00000054   Code   RO         7238    i.sd_state_evt_handler  nrf_drv_clock.o
    0x0003255c   0x00000030   Code   RO        10571    i.sdh_request_observer_notify  nrf_sdh.o
    0x0003258c   0x0000002c   Code   RO        10572    i.sdh_state_observer_notify  nrf_sdh.o
    0x000325b8   0x00000044   Code   RO         9478    i.sdk_mapped_flags_bulk_update_by_key  sdk_mapped_flags.o
    0x000325fc   0x00000022   Code   RO         9479    i.sdk_mapped_flags_first_key_index_get  sdk_mapped_flags.o
    0x0003261e   0x00000010   Code   RO         9480    i.sdk_mapped_flags_get_by_index  sdk_mapped_flags.o
    0x0003262e   0x00000026   Code   RO         9481    i.sdk_mapped_flags_get_by_key  sdk_mapped_flags.o
    0x00032654   0x0000004a   Code   RO         9483    i.sdk_mapped_flags_key_list_get  sdk_mapped_flags.o
    0x0003269e   0x0000000e   Code   RO         9485    i.sdk_mapped_flags_update_by_key  sdk_mapped_flags.o
    0x000326ac   0x000000a2   Code   RO         6777    i.sec_info_request_process  security_dispatcher.o
    0x0003274e   0x00000002   PAD
    0x00032750   0x0000006c   Code   RO         6778    i.sec_keyset_fill   security_dispatcher.o
    0x000327bc   0x00000038   Code   RO         6779    i.sec_proc_housekeeping  security_dispatcher.o
    0x000327f4   0x00000068   Code   RO         6780    i.sec_proc_start    security_dispatcher.o
    0x0003285c   0x00000022   Code   RO         6781    i.send_config_req   security_dispatcher.o
    0x0003287e   0x00000002   PAD
    0x00032880   0x00000010   Code   RO         5241    i.send_error_evt    ble_conn_params.o
    0x00032890   0x00000028   Code   RO         5628    i.send_unexpected_error  gatt_cache_manager.o
    0x000328b8   0x00000028   Code   RO         6782    i.send_unexpected_error  security_dispatcher.o
    0x000328e0   0x0000002a   Code   RO        10182    i.serial_tx         nrf_log_backend_rtt.o
    0x0003290a   0x00000002   PAD
    0x0003290c   0x00000044   Code   RO         5734    i.service_changed_pending_set  gatts_cache_manager.o
    0x00032950   0x0000008c   Code   RO         5629    i.service_changed_send_in_evt  gatt_cache_manager.o
    0x000329dc   0x00000088   Code   RO         5163    i.service_data_encode  ble_advdata.o
    0x00032a64   0x000000e0   Code   RO           21    i.set_handler       main.o
    0x00032b44   0x00000068   Code   RO         4909    i.shift_sub_rows    aes.o
    0x00032bac   0x00000018   Code   RO         6919    i.sm_ble_evt_handler  security_manager.o
    0x00032bc4   0x00000040   Code   RO         6924    i.sm_pdb_evt_handler  security_manager.o
    0x00032c04   0x00000060   Code   RO         6927    i.sm_smd_evt_handler  security_manager.o
    0x00032c64   0x00000118   Code   RO         6783    i.smd_ble_evt_handler  security_dispatcher.o
    0x00032d7c   0x0000006c   Code   RO         6786    i.smd_link_secure   security_dispatcher.o
    0x00032de8   0x000000fc   Code   RO         6787    i.smd_params_reply  security_dispatcher.o
    0x00032ee4   0x00000040   Code   RO         6928    i.smd_params_reply_perform  security_manager.o
    0x00032f24   0x0000000a   Code   RO         7239    i.soc_evt_handler   nrf_drv_clock.o
    0x00032f2e   0x00000002   PAD
    0x00032f30   0x00000038   Code   RO        10573    i.softdevice_evt_irq_disable  nrf_sdh.o
    0x00032f68   0x00000050   Code   RO        10574    i.softdevices_evt_irq_enable  nrf_sdh.o
    0x00032fb8   0x000000b2   Code   RO         7796    i.spim_xfer         nrf_drv_spi.o
    0x0003306a   0x00000002   PAD
    0x0003306c   0x0000000c   Code   RO         1323    i.srand1            utilities.o
    0x00033078   0x00000090   Code   RO         9966    i.std_n             nrf_log_frontend.o
    0x00033108   0x00000080   Code   RO         9714    i.timer_list_handler  app_timer.o
    0x00033188   0x0000003c   Code   RO         9715    i.timer_list_insert  app_timer.o
    0x000331c4   0x00000060   Code   RO         9716    i.timer_list_remove  app_timer.o
    0x00033224   0x00000048   Code   RO         9717    i.timer_stop_op_schedule  app_timer.o
    0x0003326c   0x00000074   Code   RO         9718    i.timer_timeouts_check  app_timer.o
    0x000332e0   0x000000aa   Code   RO         7914    i.twi_clear_bus     nrf_drv_twi.o
    0x0003338a   0x0000001e   Code   RO         7915    i.twi_process_error  nrf_drv_twi.o
    0x000333a8   0x000000c6   Code   RO         7916    i.twi_rx_start_transfer  nrf_drv_twi.o
    0x0003346e   0x00000028   Code   RO         7917    i.twi_send_byte     nrf_drv_twi.o
    0x00033496   0x0000010a   Code   RO         7918    i.twi_transfer      nrf_drv_twi.o
    0x000335a0   0x000000d0   Code   RO         7919    i.twi_tx_start_transfer  nrf_drv_twi.o
    0x00033670   0x0000008c   Code   RO         7920    i.twi_xfer          nrf_drv_twi.o
    0x000336fc   0x00000020   Code   RO         8104    i.tx_byte           nrf_drv_uart.o
    0x0003371c   0x000000da   Code   RO         7058    i.tx_char_add       ble_nus.o
    0x000337f6   0x0000001c   Code   RO         8105    i.tx_done_event     nrf_drv_uart.o
    0x00033812   0x00000002   PAD
    0x00033814   0x00000030   Code   RO         1447    i.u_fs_check_lora_cfg  app_lora.o
    0x00033844   0x00000024   Code   RO         1448    i.u_fs_init         app_lora.o
    0x00033868   0x00000024   Code   RO         1449    i.u_fs_read_lora_cfg  app_lora.o
    0x0003388c   0x000000c0   Code   RO         1450    i.u_fs_write_lora_cfg  app_lora.o
    0x0003394c   0x000000e4   Code   RO           22    i.uart_event_handle  main.o
    0x00033a30   0x000000a0   Code   RO         8945    i.uart_event_handler  app_uart_fifo.o
    0x00033ad0   0x0000011e   Code   RO         8106    i.uart_irq_handler  nrf_drv_uart.o
    0x00033bee   0x000000f0   Code   RO         8107    i.uarte_irq_handler  nrf_drv_uart.o
    0x00033cde   0x0000000a   Code   RO         5164    i.uint16_encode     ble_advdata.o
    0x00033ce8   0x00000020   Code   RO         8509    i.uninit            nrf_fstorage_sd.o
    0x00033d08   0x000000b4   Code   RO         9303    i.unsigned_print    nrf_fprintf_format.o
    0x00033dbc   0x00000068   Code   RO         5242    i.update_timeout_handler  ble_conn_params.o
    0x00033e24   0x00000018   Code   RO         5329    i.user_flag_is_acquired  ble_conn_state.o
    0x00033e3c   0x00000030   Code   RO         9719    i.user_op_alloc     app_timer.o
    0x00033e6c   0x00000030   Code   RO         5165    i.uuid_list_encode  ble_advdata.o
    0x00033e9c   0x0000009e   Code   RO         5166    i.uuid_list_sized_encode  ble_advdata.o
    0x00033f3a   0x00000002   PAD
    0x00033f3c   0x00000018   Code   RO         1451    i.wait_for_flash_ready  app_lora.o
    0x00033f54   0x00000004   Code   RO         8510    i.wmap              nrf_fstorage_sd.o
    0x00033f58   0x00000050   Code   RO         8511    i.write             nrf_fstorage_sd.o
    0x00033fa8   0x00000024   Code   RO         6150    i.write_buf_length_words_set  peer_database.o
    0x00033fcc   0x0000009c   Code   RO         6151    i.write_buf_store   peer_database.o
    0x00034068   0x00000034   Code   RO         6152    i.write_buffer_record_find  peer_database.o
    0x0003409c   0x00000028   Code   RO         6153    i.write_buffer_record_find_next  peer_database.o
    0x000340c4   0x0000001e   Code   RO         6154    i.write_buffer_record_invalidate  peer_database.o
    0x000340e2   0x00000002   PAD
    0x000340e4   0x0000002c   Code   RO         6155    i.write_buffer_record_release  peer_database.o
    0x00034110   0x000000e8   Code   RO         8667    i.write_enqueue     fds.o
    0x000341f8   0x000000f4   Code   RO         8668    i.write_execute     fds.o
    0x000342ec   0x00000018   Code   RO         8669    i.write_space_free  fds.o
    0x00034304   0x0000005c   Code   RO         8670    i.write_space_reserve  fds.o
    0x00034360   0x00000082   Code   RO         4910    i.xor_block         aes.o
    0x000343e2   0x00000002   PAD
    0x000343e4   0x00000020   Data   RO           24    .constdata          main.o
    0x00034404   0x00000003   Data   RO          507    .constdata          boards.o
    0x00034407   0x00000001   PAD
    0x00034408   0x0000001c   Data   RO          636    .constdata          bsp.o
    0x00034424   0x00000008   Data   RO          986    .constdata          gpio-board.o
    0x0003442c   0x00000010   Data   RO         1051    .constdata          rtc-board.o
    0x0003443c   0x0000005c   Data   RO         1166    .constdata          sx1276-board.o
    0x00034498   0x00000048   Data   RO         1453    .constdata          app_lora.o
    0x000344e0   0x00000008   Data   RO         1984    .constdata          rak_i2c_drv.o
    0x000344e8   0x00000010   Data   RO         2205    .constdata          rak_i2c_lis3dh.o
    0x000344f8   0x00000010   Data   RO         2403    .constdata          loramac.o
    0x00034508   0x0000005c   Data   RO         3312    .constdata          regioneu868.o
    0x00034564   0x000000e0   Data   RO         4709    .constdata          sx1276.o
    0x00034644   0x00000300   Data   RO         4911    .constdata          aes.o
    0x00034944   0x00000016   Data   RO         5531    .constdata          nrf_ble_gatt.o
    0x0003495a   0x00000002   PAD
    0x0003495c   0x00000050   Data   RO         5630    .constdata          gatt_cache_manager.o
    0x000349ac   0x00000004   Data   RO         5735    .constdata          gatts_cache_manager.o
    0x000349b0   0x00000010   Data   RO         5736    .constdata          gatts_cache_manager.o
    0x000349c0   0x00000004   Data   RO         5737    .constdata          gatts_cache_manager.o
    0x000349c4   0x00000008   Data   RO         5831    .constdata          id_manager.o
    0x000349cc   0x00000018   Data   RO         6010    .constdata          peer_data_storage.o
    0x000349e4   0x00000010   Data   RO         6157    .constdata          peer_database.o
    0x000349f4   0x00000010   Data   RO         6433    .constdata          peer_manager.o
    0x00034a04   0x00000068   Data   RO         6789    .constdata          security_dispatcher.o
    0x00034a6c   0x00000004   Data   RO         6929    .constdata          security_manager.o
    0x00034a70   0x00000020   Data   RO         7059    .constdata          ble_nus.o
    0x00034a90   0x0000007c   Data   RO         7121    .constdata          ble_db_discovery.o
    0x00034b0c   0x00000004   Data   RO         7461    .constdata          nrf_drv_gpiote.o
    0x00034b10   0x0000000c   Data   RO         7925    .constdata          nrf_drv_twi.o
    0x00034b1c   0x00000008   Data   RO         8310    .constdata          app_button.o
    0x00034b24   0x00000010   Data   RO         8514    .constdata          nrf_fstorage_sd.o
    0x00034b34   0x00000020   Data   RO         8515    .constdata          nrf_fstorage_sd.o
    0x00034b54   0x00000018   Data   RO         8673    .constdata          fds.o
    0x00034b6c   0x00000020   Data   RO         8947    .constdata          app_uart_fifo.o
    0x00034b8c   0x00000104   Data   RO         9008    .constdata          nrf_strerror.o
    0x00034c90   0x00000010   Data   RO         9304    .constdata          nrf_fprintf_format.o
    0x00034ca0   0x00000014   Data   RO         9969    .constdata          nrf_log_frontend.o
    0x00034cb4   0x0000000c   Data   RO        10184    .constdata          nrf_log_backend_rtt.o
    0x00034cc0   0x00000010   Data   RO        10522    .constdata          nrf_sdh_soc.o
    0x00034cd0   0x0000000c   Data   RO        10523    .constdata          nrf_sdh_soc.o
    0x00034cdc   0x00000010   Data   RO        10575    .constdata          nrf_sdh.o
    0x00034cec   0x00000028   Data   RO        10576    .constdata          nrf_sdh.o
    0x00034d14   0x00000010   Data   RO        10577    .constdata          nrf_sdh.o
    0x00034d24   0x00000010   Data   RO        10578    .constdata          nrf_sdh.o
    0x00034d34   0x00000020   Data   RO        10688    .constdata          nrf_sdh_ble.o
    0x00034d54   0x00000010   Data   RO        10689    .constdata          nrf_sdh_ble.o
    0x00034d64   0x00000081   Data   RO        10753    .constdata          mc_w.l(ctype_o.o)
    0x00034de5   0x00000003   PAD
    0x00034de8   0x00000004   Data   RO        10754    .constdata          mc_w.l(ctype_o.o)
    0x00034dec   0x00000041   Data   RO         1454    .conststring        app_lora.o
    0x00034e2d   0x00000003   PAD
    0x00034e30   0x0000012d   Data   RO         5532    .conststring        nrf_ble_gatt.o
    0x00034f5d   0x00000003   PAD
    0x00034f60   0x00000307   Data   RO         9009    .conststring        nrf_strerror.o
    0x00035267   0x00000001   PAD
    0x00035268   0x00000066   Data   RO        10136    .conststring        nrf_log_str_formatter.o
    0x000352ce   0x00000002   PAD
    0x000352d0   0x000001cf   Data   RO        10690    .conststring        nrf_sdh_ble.o
    0x0003549f   0x00000001   PAD
    0x000354a0   0x00000009   Data   RO         5533    .conststrlit        nrf_ble_gatt.o
    0x000354a9   0x00000003   PAD
    0x000354ac   0x0000000c   Data   RO         7122    .conststrlit        ble_db_discovery.o
    0x000354b8   0x00000006   Data   RO         7245    .conststrlit        nrf_drv_clock.o
    0x000354be   0x00000002   PAD
    0x000354c0   0x00000007   Data   RO         7465    .conststrlit        nrf_drv_gpiote.o
    0x000354c7   0x00000001   PAD
    0x000354c8   0x00000004   Data   RO         7685    .conststrlit        nrf_drv_rtc.o
    0x000354cc   0x00000004   Data   RO         7801    .conststrlit        nrf_drv_spi.o
    0x000354d0   0x00000004   Data   RO         7926    .conststrlit        nrf_drv_twi.o
    0x000354d4   0x00000005   Data   RO         8109    .conststrlit        nrf_drv_uart.o
    0x000354d9   0x00000003   PAD
    0x000354dc   0x00000007   Data   RO         9219    .conststrlit        nrf_balloc.o
    0x000354e3   0x00000001   PAD
    0x000354e4   0x00000009   Data   RO         9592    .conststrlit        nrf_pwr_mgmt.o
    0x000354ed   0x00000003   PAD
    0x000354f0   0x00000004   Data   RO         9971    .conststrlit        nrf_log_frontend.o
    0x000354f4   0x0000000c   Data   RO        10524    .conststrlit        nrf_sdh_soc.o
    0x00035500   0x00000008   Data   RO        10579    .conststrlit        nrf_sdh.o
    0x00035508   0x0000000c   Data   RO        10691    .conststrlit        nrf_sdh_ble.o
    0x00035514   0x00000020   Data   RO        11131    Region$$Table       anon$$obj.o
    0x00035534   0x00000008   Data   RO         5534    log_const_data      nrf_ble_gatt.o
    0x0003553c   0x00000008   Data   RO         7124    log_const_data      ble_db_discovery.o
    0x00035544   0x00000008   Data   RO         7246    log_const_data      nrf_drv_clock.o
    0x0003554c   0x00000008   Data   RO         7466    log_const_data      nrf_drv_gpiote.o
    0x00035554   0x00000008   Data   RO         7687    log_const_data      nrf_drv_rtc.o
    0x0003555c   0x00000008   Data   RO         7802    log_const_data      nrf_drv_spi.o
    0x00035564   0x00000008   Data   RO         7927    log_const_data      nrf_drv_twi.o
    0x0003556c   0x00000008   Data   RO         8110    log_const_data      nrf_drv_uart.o
    0x00035574   0x00000008   Data   RO         9220    log_const_data      nrf_balloc.o
    0x0003557c   0x00000008   Data   RO         9594    log_const_data      nrf_pwr_mgmt.o
    0x00035584   0x00000008   Data   RO         9975    log_const_data      nrf_log_frontend.o
    0x0003558c   0x00000008   Data   RO        10525    log_const_data      nrf_sdh_soc.o
    0x00035594   0x00000008   Data   RO        10581    log_const_data      nrf_sdh.o
    0x0003559c   0x00000008   Data   RO        10692    log_const_data      nrf_sdh_ble.o
    0x000355a4   0x00000008   Data   RO         5331    sdh_ble_observers0  ble_conn_state.o
    0x000355ac   0x00000018   Data   RO           27    sdh_ble_observers1  main.o
    0x000355c4   0x00000008   Data   RO          739    sdh_ble_observers1  bsp_btn_ble.o
    0x000355cc   0x00000008   Data   RO         5245    sdh_ble_observers1  ble_conn_params.o
    0x000355d4   0x00000008   Data   RO         6435    sdh_ble_observers1  peer_manager.o
    0x000355dc   0x00000008   Data   RO           28    sdh_ble_observers2  main.o
    0x000355e4   0x00000008   Data   RO           29    sdh_ble_observers3  main.o
    0x000355ec   0x00000008   Data   RO         8517    sdh_req_observers0  nrf_fstorage_sd.o
    0x000355f4   0x00000008   Data   RO         7248    sdh_soc_observers0  nrf_drv_clock.o
    0x000355fc   0x00000008   Data   RO         8518    sdh_soc_observers0  nrf_fstorage_sd.o
    0x00035604   0x00000008   Data   RO           30    sdh_soc_observers1  main.o
    0x0003560c   0x00000008   Data   RO        10527    sdh_stack_observers0  nrf_sdh_soc.o
    0x00035614   0x00000008   Data   RO        10694    sdh_stack_observers0  nrf_sdh_ble.o
    0x0003561c   0x00000008   Data   RO         7249    sdh_state_observers0  nrf_drv_clock.o
    0x00035624   0x00000008   Data   RO         8519    sdh_state_observers0  nrf_fstorage_sd.o


    Execution Region RW_IRAM1 (Base: 0x20002a68, Size: 0x00004ac0, Max: 0x0000d598, ABSOLUTE, COMPRESSED[0x000000c8])

    Base Addr    Size         Type   Attr      Idx    E Section Name        Object

    0x20002a68   0x000002cc   Data   RW           25    .data               main.o
    0x20002d34   0x0000000c   Data   RW           26    .data               main.o
    0x20002d40   0x00000016   Data   RW          637    .data               bsp.o
    0x20002d56   0x00000002   PAD
    0x20002d58   0x00000008   Data   RW          738    .data               bsp_btn_ble.o
    0x20002d60   0x00000004   Data   RW          828    .data               system_nrf52.o
    0x20002d64   0x00000010   Data   RW          877    .data               board.o
    0x20002d74   0x00000008   Data   RW         1052    .data               rtc-board.o
    0x20002d7c   0x00000014   Data   RW         1167    .data               sx1276-board.o
    0x20002d90   0x00000004   Data   RW         1324    .data               utilities.o
    0x20002d94   0x00000034   Data   RW         1455    .data               app_lora.o
    0x20002dc8   0x00000001   Data   RW         1716    .data               lis3dh_driver.o
    0x20002dc9   0x00000002   Data   RW         1985    .data               rak_i2c_drv.o
    0x20002dcb   0x00000001   PAD
    0x20002dcc   0x0000006c   Data   RW         2404    .data               loramac.o
    0x20002e38   0x00000020   Data   RW         2614    .data               loramaccrypto.o
    0x20002e58   0x00000054   Data   RW         3313    .data               regioneu868.o
    0x20002eac   0x0000001c   Data   RW         4710    .data               sx1276.o
    0x20002ec8   0x00000008   Data   RW         5244    .data               ble_conn_params.o
    0x20002ed0   0x0000000c   Data   RW         5631    .data               gatt_cache_manager.o
    0x20002edc   0x00000006   Data   RW         5738    .data               gatts_cache_manager.o
    0x20002ee2   0x00000003   Data   RW         5832    .data               id_manager.o
    0x20002ee5   0x00000003   PAD
    0x20002ee8   0x0000000c   Data   RW         6011    .data               peer_data_storage.o
    0x20002ef4   0x00000008   Data   RW         6158    .data               peer_database.o
    0x20002efc   0x00000010   Data   RW         6434    .data               peer_manager.o
    0x20002f0c   0x00000006   Data   RW         6790    .data               security_dispatcher.o
    0x20002f12   0x00000002   PAD
    0x20002f14   0x00000015   Data   RW         6930    .data               security_manager.o
    0x20002f29   0x00000003   PAD
    0x20002f2c   0x00000010   Data   RW         7123    .data               ble_db_discovery.o
    0x20002f3c   0x00000008   Data   RW         7686    .data               nrf_drv_rtc.o
    0x20002f44   0x00000014   Data   RW         8311    .data               app_button.o
    0x20002f58   0x00000008   Data   RW         8516    .data               nrf_fstorage_sd.o
    0x20002f60   0x00000030   Data   RW         8674    .data               fds.o
    0x20002f90   0x00000010   Data   RW         8948    .data               app_uart_fifo.o
    0x20002fa0   0x00000004   Data   RW         9545    .data               retarget.o
    0x20002fa4   0x00000014   Data   RW         9721    .data               app_timer.o
    0x20002fb8   0x0000000c   Data   RW         9908    .data               nrf_log_default_backends.o
    0x20002fc4   0x00000008   Data   RW         9973    .data               nrf_log_frontend.o
    0x20002fcc   0x00000008   Data   RW         9974    .data               nrf_log_frontend.o
    0x20002fd4   0x00000038   Data   RW        10137    .data               nrf_log_str_formatter.o
    0x2000300c   0x00000003   Data   RW        10580    .data               nrf_sdh.o
    0x2000300f   0x00000001   PAD
    0x20003010   0x00000004   Data   RW        11112    .data               mc_w.l(errno.o)
    0x20003014   0x00000014   Data   RW         1456    fs_data             app_lora.o
    0x20003028   0x00000014   Data   RW         8675    fs_data             fds.o
    0x2000303c   0x0000000c   Data   RW         5535    log_dynamic_data    nrf_ble_gatt.o
    0x20003048   0x0000000c   Data   RW         7125    log_dynamic_data    ble_db_discovery.o
    0x20003054   0x0000000c   Data   RW         7247    log_dynamic_data    nrf_drv_clock.o
    0x20003060   0x0000000c   Data   RW         7467    log_dynamic_data    nrf_drv_gpiote.o
    0x2000306c   0x0000000c   Data   RW         7688    log_dynamic_data    nrf_drv_rtc.o
    0x20003078   0x0000000c   Data   RW         7803    log_dynamic_data    nrf_drv_spi.o
    0x20003084   0x0000000c   Data   RW         7928    log_dynamic_data    nrf_drv_twi.o
    0x20003090   0x0000000c   Data   RW         8111    log_dynamic_data    nrf_drv_uart.o
    0x2000309c   0x0000000c   Data   RW         9221    log_dynamic_data    nrf_balloc.o
    0x200030a8   0x0000000c   Data   RW         9595    log_dynamic_data    nrf_pwr_mgmt.o
    0x200030b4   0x0000000c   Data   RW         9976    log_dynamic_data    nrf_log_frontend.o
    0x200030c0   0x0000000c   Data   RW        10526    log_dynamic_data    nrf_sdh_soc.o
    0x200030cc   0x0000000c   Data   RW        10582    log_dynamic_data    nrf_sdh.o
    0x200030d8   0x0000000c   Data   RW        10693    log_dynamic_data    nrf_sdh_ble.o
    0x200030e4   0x0000052a   Zero   RW           23    .bss                main.o
    0x2000360e   0x00000002   PAD
    0x20003610   0x00000020   Zero   RW          633    .bss                bsp.o
    0x20003630   0x00000020   Zero   RW          634    .bss                bsp.o
    0x20003650   0x00000020   Zero   RW          635    .bss                bsp.o
    0x20003670   0x00000080   Zero   RW          985    .bss                gpio-board.o
    0x200036f0   0x00000238   Zero   RW         1452    .bss                app_lora.o
    0x20003928   0x0000000e   Zero   RW         1983    .bss                rak_i2c_drv.o
    0x20003936   0x00000002   PAD
    0x20003938   0x000004d4   Zero   RW         2402    .bss                loramac.o
    0x20003e0c   0x0000022c   Zero   RW         2613    .bss                loramaccrypto.o
    0x20004038   0x000000c0   Zero   RW         3311    .bss                regioneu868.o
    0x200040f8   0x00000238   Zero   RW         4708    .bss                sx1276.o
    0x20004330   0x00000050   Zero   RW         5243    .bss                ble_conn_params.o
    0x20004380   0x000000b8   Zero   RW         5330    .bss                ble_conn_state.o
    0x20004438   0x00000100   Zero   RW         5830    .bss                id_manager.o
    0x20004538   0x000000d0   Zero   RW         6156    .bss                peer_database.o
    0x20004608   0x00000040   Zero   RW         6312    .bss                peer_id.o
    0x20004648   0x0000000c   Zero   RW         6432    .bss                peer_manager.o
    0x20004654   0x00000040   Zero   RW         6788    .bss                security_dispatcher.o
    0x20004694   0x00000318   Zero   RW         7120    .bss                ble_db_discovery.o
    0x200049ac   0x00000014   Zero   RW         7240    .bss                nrf_drv_clock.o
    0x200049c0   0x00000058   Zero   RW         7460    .bss                nrf_drv_gpiote.o
    0x20004a18   0x00000024   Zero   RW         7797    .bss                nrf_drv_spi.o
    0x20004a3c   0x00000028   Zero   RW         7921    .bss                nrf_drv_twi.o
    0x20004a64   0x00000020   Zero   RW         8108    .bss                nrf_drv_uart.o
    0x20004a84   0x00000020   Zero   RW         8309    .bss                app_button.o
    0x20004aa4   0x000000a0   Zero   RW         8512    .bss                nrf_fstorage_sd.o
    0x20004b44   0x00000010   Zero   RW         8513    .bss                nrf_fstorage_sd.o
    0x20004b54   0x000000e0   Zero   RW         8671    .bss                fds.o
    0x20004c34   0x00000010   Zero   RW         8672    .bss                fds.o
    0x20004c44   0x00000020   Zero   RW         8946    .bss                app_uart_fifo.o
    0x20004c64   0x0000000c   Zero   RW         9416    .bss                app_util_platform.o
    0x20004c70   0x0000010c   Zero   RW         9720    .bss                app_timer.o
    0x20004d7c   0x000000c0   Zero   RW         9967    .bss                nrf_log_frontend.o
    0x20004e3c   0x00000420   Zero   RW         9968    .bss                nrf_log_frontend.o
    0x2000525c   0x00000040   Zero   RW        10183    .bss                nrf_log_backend_rtt.o
    0x2000529c   0x00000288   Zero   RW        10296    .bss                segger_rtt.o
    0x20005524   0x00000004   PAD
    0x20005528   0x00002000   Zero   RW          816    STACK               arm_startup_nrf52.o


==============================================================================

Image component sizes


      Code (inc. data)   RO Data    RW Data    ZI Data      Debug   Object Name

      1290         12        768          0          0      13384   aes.o
       332         34          8         20         32       4038   app_button.o
        22          0          0          0          0       1861   app_error.o
       120         40          0          0          0       3638   app_error_weak.o
       118          0          0          0          0       4294   app_fifo.o
      2146        590        137         72        568      25375   app_lora.o
      1630        122          0         20        268      45415   app_timer.o
       452         42         32         16         32      10014   app_uart_fifo.o
       124         14          0          0         12       8978   app_util_platform.o
        36          8        512          0       8192        864   arm_startup_nrf52.o
      1330          0          0          0          0      35339   ble_advdata.o
       988          6          0          0          0       7948   ble_advertising.o
       636         44          8          8         80      10499   ble_conn_params.o
       492         44          8          0        184       7610   ble_conn_state.o
      1526         60        144         28        792      14866   ble_db_discovery.o
       692         10         32          0          0       6898   ble_nus.o
         8          0          0          0          0       1234   ble_srv_common.o
       164         22          0         16          0       9006   board.o
       322         46          3          0          0      15070   boards.o
       928         80         28         22         96      12963   bsp.o
       196          6          8          8          0       3437   bsp_btn_ble.o
       540          0          0          0          0       3781   cmac.o
      2978        256         24         68        240      61043   fds.o
       868         62         80         12          0      15733   gatt_cache_manager.o
       442         28         24          6          0       6941   gatts_cache_manager.o
       340         26          8          0        128       3995   gpio-board.o
      1092         48          8          3        256      15983   id_manager.o
       450          6          0          1          0       4892   lis3dh_driver.o
      7994        774         16        108       1236      42975   loramac.o
       638         40          0         32        556       6439   loramaccrypto.o
      2588        654         80        728       1322     196191   main.o
       342          0          0          0          0       5690   nrf_atfifo.o
       164          0         15         12          0       3405   nrf_balloc.o
       682         44        340         12          0      38746   nrf_ble_gatt.o
       408         40         30         12         20      39599   nrf_drv_clock.o
        56          0          0          0          0      29111   nrf_drv_common.o
      1620        120         19         12         88      32305   nrf_drv_gpiote.o
       412         26         12         20          0      12114   nrf_drv_rtc.o
       770         20         12         12         36      19740   nrf_drv_spi.o
      1714         32         24         12         40      30646   nrf_drv_twi.o
      2140         66         13         12         32      38683   nrf_drv_uart.o
        50          0          0          0          0       3113   nrf_fprintf.o
       850          4         16          0          0       4966   nrf_fprintf_format.o
       392         10          0          0          0       6244   nrf_fstorage.o
       926         72         72          8        176      18415   nrf_fstorage_sd.o
        74          8         12          0         64       4049   nrf_log_backend_rtt.o
       210          0          0          0          0       9911   nrf_log_backend_serial.o
        28          6          0         12          0       2778   nrf_log_default_backends.o
      1492         88         32         28       1248      29728   nrf_log_frontend.o
       506         66        102         56          0       5596   nrf_log_str_formatter.o
       494          0          0          0          0      10511   nrf_memobj.o
         0          0         17         12          0       6909   nrf_pwr_mgmt.o
       600         60        104         15          0      39944   nrf_sdh.o
       656        158        539         12          0       5329   nrf_sdh_ble.o
        60          4         56         12          0      10684   nrf_sdh_soc.o
        78          0          0          0          0       2364   nrf_section_iter.o
        76         10       1035          0          0       2335   nrf_strerror.o
       690         24         24         12          0      15013   peer_data_storage.o
      1196         54         16          8        208      22066   peer_database.o
       296         34          0          0         64       7220   peer_id.o
       680         42         24         16         12       9771   peer_manager.o
       178          0          0          0          0       3014   pm_buffer.o
       212          0          0          0          0       4077   pm_mutex.o
       268         34          8          2         14       3842   rak_i2c_drv.o
       348        116         16          0          0       3935   rak_i2c_lis3dh.o
       392          0          0          0          0      34709   region.o
         0          0          0          0          0       1052   regionas923.o
      1222         40          0          0          0      13846   regioncommon.o
      2792        256         92         84        192      24112   regioneu868.o
        14          0          0          4          0       2566   retarget.o
       160         26         16          8          0       8816   rtc-board.o
       244          0          0          0          0       5596   sdk_mapped_flags.o
      1938         82        104          6         64      25699   security_dispatcher.o
       854         44          4         21          0      40259   security_manager.o
       378         34          0          0        648       8097   segger_rtt.o
       252          6          0          0          0       2803   spi-board.o
       470         30         92         20          0       8561   sx1276-board.o
      5508        400        224         28        568      25906   sx1276.o
       764         64          0          4          0      29346   system_nrf52.o
       160          0          0          0          0       4268   timer.o
       288         24          0          4          0       6907   utilities.o
        80          0          0          0          0        815   utils.o

    ----------------------------------------------------------------------
     65802       5218       5056       1656      17476    1325915   Object Totals
         0          0         32          0          0          0   (incl. Generated)
       136          0         26         12          8          0   (incl. Padding)

    ----------------------------------------------------------------------

      Code (inc. data)   RO Data    RW Data    ZI Data      Debug   Library Member Name

       280         28          0          0          0        156   ceil.o
       280         28          0          0          0        156   floor.o
       224         30          0          0          0        172   round.o
        86          0          0          0          0          0   __dczerorl2.o
        28          0          0          0          0         68   _chval.o
       158          0          0          0          0         92   _strtoul.o
         8          4        133          0          0         68   ctype_o.o
         0          0          0          0          0          0   entry.o
         0          0          0          0          0          0   entry10a.o
         0          0          0          0          0          0   entry11a.o
         8          4          0          0          0          0   entry2.o
         4          0          0          0          0          0   entry5.o
         0          0          0          0          0          0   entry7b.o
         0          0          0          0          0          0   entry8b.o
         8          4          0          0          0          0   entry9a.o
         8          4          0          4          0         68   errno.o
        30          0          0          0          0          0   handlers.o
        36          8          0          0          0         68   init.o
         0          0          0          0          0          0   iusefp.o
        30          0          0          0          0         68   llshl.o
        36          0          0          0          0         68   llsshr.o
        32          0          0          0          0         68   llushr.o
        26          0          0          0          0         80   memcmp.o
        36          0          0          0          0         68   memcpya.o
        36          0          0          0          0        108   memseta.o
      1204         60          0          0          0        504   printf8.o
        20          0          0          0          0         68   strchr.o
        28          0          0          0          0         76   strcmp.o
        18          0          0          0          0         68   strcpy.o
        14          0          0          0          0         68   strlen.o
        30          0          0          0          0         80   strncmp.o
       114          0          0          0          0         92   strtoul.o
        12          0          0          0          0         68   toupper.o
        98          0          0          0          0         92   uldiv.o
        48          0          0          0          0         68   cdcmple.o
        48          0          0          0          0         68   cdrcmple.o
       334          0          0          0          0        148   dadd.o
       222          0          0          0          0        100   ddiv.o
       186          0          0          0          0        176   depilogue.o
        62          0          0          0          0         80   dfixi.o
        50          0          0          0          0         76   dfixui.o
        34          0          0          0          0         76   dflti.o
        26          0          0          0          0         76   dfltui.o
       228          0          0          0          0         96   dmul.o
       136          4          0          0          0         92   drnd.o
        38          0          0          0          0         68   f2d.o

    ----------------------------------------------------------------------
      4314        178        136          4          0       3548   Library Totals
        10          4          3          0          0          0   (incl. Padding)

    ----------------------------------------------------------------------

      Code (inc. data)   RO Data    RW Data    ZI Data      Debug   Library Name

       784         86          0          0          0        484   m_wm.l
      2108         84        133          4          0       1940   mc_w.l
      1412          4          0          0          0       1124   mf_w.l

    ----------------------------------------------------------------------
      4314        178        136          4          0       3548   Library Totals

    ----------------------------------------------------------------------

==============================================================================


      Code (inc. data)   RO Data    RW Data    ZI Data      Debug   

     70116       5396       5192       1660      17476    1254783   Grand Totals
     70116       5396       5192        200      17476    1254783   ELF Image Totals (compressed)
     70116       5396       5192        200          0          0   ROM Totals

==============================================================================

    Total RO  Size (Code + RO Data)                75308 (  73.54kB)
    Total RW  Size (RW Data + ZI Data)             19136 (  18.69kB)
    Total ROM Size (Code + RO Data + RW Data)      75508 (  73.74kB)

==============================================================================

